Component: ARM Compiler 5.06 update 7 for Certification (build 960) Tool: armlink [4d3601]

==============================================================================

Section Cross References

    startup_stm32f10x_md.o(STACK) refers (Special) to heapauxi.o(.text) for __use_two_region_memory
    startup_stm32f10x_md.o(HEAP) refers (Special) to heapauxi.o(.text) for __use_two_region_memory
    startup_stm32f10x_md.o(RESET) refers (Special) to heapauxi.o(.text) for __use_two_region_memory
    startup_stm32f10x_md.o(RESET) refers to startup_stm32f10x_md.o(STACK) for __initial_sp
    startup_stm32f10x_md.o(RESET) refers to startup_stm32f10x_md.o(.text) for Reset_Handler
    startup_stm32f10x_md.o(RESET) refers to stm32f10x_it.o(i.NMI_Handler) for NMI_Handler
    startup_stm32f10x_md.o(RESET) refers to stm32f10x_it.o(i.HardFault_Handler) for HardFault_Handler
    startup_stm32f10x_md.o(RESET) refers to stm32f10x_it.o(i.MemManage_Handler) for MemManage_Handler
    startup_stm32f10x_md.o(RESET) refers to stm32f10x_it.o(i.BusFault_Handler) for BusFault_Handler
    startup_stm32f10x_md.o(RESET) refers to stm32f10x_it.o(i.UsageFault_Handler) for UsageFault_Handler
    startup_stm32f10x_md.o(RESET) refers to stm32f10x_it.o(i.SVC_Handler) for SVC_Handler
    startup_stm32f10x_md.o(RESET) refers to stm32f10x_it.o(i.DebugMon_Handler) for DebugMon_Handler
    startup_stm32f10x_md.o(RESET) refers to stm32f10x_it.o(i.PendSV_Handler) for PendSV_Handler
    startup_stm32f10x_md.o(RESET) refers to stm32f10x_it.o(i.SysTick_Handler) for SysTick_Handler
    startup_stm32f10x_md.o(RESET) refers to timer.o(i.TIM2_IRQHandler) for TIM2_IRQHandler
    startup_stm32f10x_md.o(RESET) refers to hc05.o(i.USART2_IRQHandler) for USART2_IRQHandler
    startup_stm32f10x_md.o(RESET) refers to exti.o(i.EXTI15_10_IRQHandler) for EXTI15_10_IRQHandler
    startup_stm32f10x_md.o(.text) refers (Special) to heapauxi.o(.text) for __use_two_region_memory
    startup_stm32f10x_md.o(.text) refers to system_stm32f10x.o(i.SystemInit) for SystemInit
    startup_stm32f10x_md.o(.text) refers to __main.o(!!!main) for __main
    startup_stm32f10x_md.o(.text) refers to startup_stm32f10x_md.o(HEAP) for Heap_Mem
    startup_stm32f10x_md.o(.text) refers to startup_stm32f10x_md.o(STACK) for Stack_Mem
    system_stm32f10x.o(i.SetSysClock) refers to system_stm32f10x.o(i.SetSysClockTo72) for SetSysClockTo72
    system_stm32f10x.o(i.SystemCoreClockUpdate) refers to system_stm32f10x.o(.data) for SystemCoreClock
    system_stm32f10x.o(i.SystemInit) refers to system_stm32f10x.o(i.SetSysClock) for SetSysClock
    stm32f10x_adc.o(i.ADC_DeInit) refers to stm32f10x_rcc.o(i.RCC_APB2PeriphResetCmd) for RCC_APB2PeriphResetCmd
    stm32f10x_bkp.o(i.BKP_DeInit) refers to stm32f10x_rcc.o(i.RCC_BackupResetCmd) for RCC_BackupResetCmd
    stm32f10x_can.o(i.CAN_DeInit) refers to stm32f10x_rcc.o(i.RCC_APB1PeriphResetCmd) for RCC_APB1PeriphResetCmd
    stm32f10x_can.o(i.CAN_GetITStatus) refers to stm32f10x_can.o(i.CheckITStatus) for CheckITStatus
    stm32f10x_cec.o(i.CEC_DeInit) refers to stm32f10x_rcc.o(i.RCC_APB1PeriphResetCmd) for RCC_APB1PeriphResetCmd
    stm32f10x_dac.o(i.DAC_DeInit) refers to stm32f10x_rcc.o(i.RCC_APB1PeriphResetCmd) for RCC_APB1PeriphResetCmd
    stm32f10x_flash.o(i.FLASH_EnableWriteProtection) refers to stm32f10x_flash.o(i.FLASH_WaitForLastOperation) for FLASH_WaitForLastOperation
    stm32f10x_flash.o(i.FLASH_EraseAllBank1Pages) refers to stm32f10x_flash.o(i.FLASH_WaitForLastBank1Operation) for FLASH_WaitForLastBank1Operation
    stm32f10x_flash.o(i.FLASH_EraseAllPages) refers to stm32f10x_flash.o(i.FLASH_WaitForLastOperation) for FLASH_WaitForLastOperation
    stm32f10x_flash.o(i.FLASH_EraseOptionBytes) refers to stm32f10x_flash.o(i.FLASH_GetReadOutProtectionStatus) for FLASH_GetReadOutProtectionStatus
    stm32f10x_flash.o(i.FLASH_EraseOptionBytes) refers to stm32f10x_flash.o(i.FLASH_WaitForLastOperation) for FLASH_WaitForLastOperation
    stm32f10x_flash.o(i.FLASH_ErasePage) refers to stm32f10x_flash.o(i.FLASH_WaitForLastOperation) for FLASH_WaitForLastOperation
    stm32f10x_flash.o(i.FLASH_ProgramHalfWord) refers to stm32f10x_flash.o(i.FLASH_WaitForLastOperation) for FLASH_WaitForLastOperation
    stm32f10x_flash.o(i.FLASH_ProgramOptionByteData) refers to stm32f10x_flash.o(i.FLASH_WaitForLastOperation) for FLASH_WaitForLastOperation
    stm32f10x_flash.o(i.FLASH_ProgramWord) refers to stm32f10x_flash.o(i.FLASH_WaitForLastOperation) for FLASH_WaitForLastOperation
    stm32f10x_flash.o(i.FLASH_ReadOutProtection) refers to stm32f10x_flash.o(i.FLASH_WaitForLastOperation) for FLASH_WaitForLastOperation
    stm32f10x_flash.o(i.FLASH_UserOptionByteConfig) refers to stm32f10x_flash.o(i.FLASH_WaitForLastOperation) for FLASH_WaitForLastOperation
    stm32f10x_flash.o(i.FLASH_WaitForLastBank1Operation) refers to stm32f10x_flash.o(i.FLASH_GetBank1Status) for FLASH_GetBank1Status
[...]
    ../clib/stdlib.c                         0x00000000   Number         0  exit.o ABSOLUTE
    ../fplib/d2f.s                           0x00000000   Number         0  d2f.o ABSOLUTE
    ../fplib/daddsub.s                       0x00000000   Number         0  daddsub_clz.o ABSOLUTE
    ../fplib/dcheck1.s                       0x00000000   Number         0  dcheck1.o ABSOLUTE
    ../fplib/dcmpi.s                         0x00000000   Number         0  dcmpi.o ABSOLUTE
    ../fplib/ddiv.s                          0x00000000   Number         0  ddiv.o ABSOLUTE
    ../fplib/deqf.s                          0x00000000   Number         0  deqf.o ABSOLUTE
    ../fplib/dflt.s                          0x00000000   Number         0  dflt_clz.o ABSOLUTE
    ../fplib/dleqf.s                         0x00000000   Number         0  dleqf.o ABSOLUTE
    ../fplib/dmul.s                          0x00000000   Number         0  dmul.o ABSOLUTE
    ../fplib/dnaninf.s                       0x00000000   Number         0  dnaninf.o ABSOLUTE
    ../fplib/dretinf.s                       0x00000000   Number         0  dretinf.o ABSOLUTE
    ../fplib/dsqrt.s                         0x00000000   Number         0  dsqrt_noumaal.o ABSOLUTE
    ../fplib/f2d.s                           0x00000000   Number         0  f2d.o ABSOLUTE
    ../fplib/faddsub.s                       0x00000000   Number         0  faddsub_clz.o ABSOLUTE
    ../fplib/fdiv.s                          0x00000000   Number         0  fdiv.o ABSOLUTE
    ../fplib/ffix.s                          0x00000000   Number         0  ffix.o ABSOLUTE
    ../fplib/fflt.s                          0x00000000   Number         0  fflt_clz.o ABSOLUTE
    ../fplib/fmul.s                          0x00000000   Number         0  fmul.o ABSOLUTE
    ../fplib/fnaninf.s                       0x00000000   Number         0  fnaninf.o ABSOLUTE
    ../fplib/fpinit.s                        0x00000000   Number         0  fpinit.o ABSOLUTE
    ../fplib/fretinf.s                       0x00000000   Number         0  fretinf.o ABSOLUTE
    ../fplib/retnan.s                        0x00000000   Number         0  retnan.o ABSOLUTE
    ../fplib/scalbn.s                        0x00000000   Number         0  scalbn.o ABSOLUTE
    ../fplib/trapv.s                         0x00000000   Number         0  trapv.o ABSOLUTE
    ../fplib/usenofp.s                       0x00000000   Number         0  usenofp.o ABSOLUTE
    ../mathlib/asin.c                        0x00000000   Number         0  asin.o ABSOLUTE
    ../mathlib/asin.c                        0x00000000   Number         0  asin_x.o ABSOLUTE
    ../mathlib/atan.c                        0x00000000   Number         0  atan.o ABSOLUTE
    ../mathlib/atan.c                        0x00000000   Number         0  atan_x.o ABSOLUTE
    ../mathlib/atan2.c                       0x00000000   Number         0  atan2.o ABSOLUTE
    ../mathlib/atan2.c                       0x00000000   Number         0  atan2_x.o ABSOLUTE
    ../mathlib/dunder.c                      0x00000000   Number         0  dunder.o ABSOLUTE
    ../mathlib/fpclassify.c                  0x00000000   Number         0  fpclassify.o ABSOLUTE
    ../mathlib/poly.c                        0x00000000   Number         0  poly.o ABSOLUTE
    ../mathlib/qnan.c                        0x00000000   Number         0  qnan.o ABSOLUTE
    ../mathlib/sqrt.c                        0x00000000   Number         0  sqrt_x.o ABSOLUTE
    ../mathlib/sqrt.c                        0x00000000   Number         0  sqrt.o ABSOLUTE
    dc.s                                     0x00000000   Number         0  dc.o ABSOLUTE
    hardware\ADC.c                           0x00000000   Number         0  adc.o ABSOLUTE
    hardware\Buzzer.c                        0x00000000   Number         0  buzzer.o ABSOLUTE
    hardware\HC05.c                          0x00000000   Number         0  hc05.o ABSOLUTE
    hardware\LED.c                           0x00000000   Number         0  led_1.o ABSOLUTE
    hardware\MPU6050.c                       0x00000000   Number         0  mpu6050.o ABSOLUTE
    hardware\Mohony.c                        0x00000000   Number         0  mohony.o ABSOLUTE
    hardware\MyI2C.c                         0x00000000   Number         0  myi2c.o ABSOLUTE
    hardware\OLED.c                          0x00000000   Number         0  oled.o ABSOLUTE
    hardware\PWM.c                           0x00000000   Number         0  pwm.o ABSOLUTE
    hardware\key.c                           0x00000000   Number         0  key_1.o ABSOLUTE
    hardware\menu.c                          0x00000000   Number         0  menu.o ABSOLUTE
    hardware\snake.c                         0x00000000   Number         0  snake.o ABSOLUTE
    library\misc.c                           0x00000000   Number         0  misc.o ABSOLUTE
    library\stm32f10x_adc.c                  0x00000000   Number         0  stm32f10x_adc.o ABSOLUTE
    library\stm32f10x_bkp.c                  0x00000000   Number         0  stm32f10x_bkp.o ABSOLUTE
    library\stm32f10x_can.c                  0x00000000   Number         0  stm32f10x_can.o ABSOLUTE
    library\stm32f10x_cec.c                  0x00000000   Number         0  stm32f10x_cec.o ABSOLUTE
    library\stm32f10x_crc.c                  0x00000000   Number         0  stm32f10x_crc.o ABSOLUTE
    library\stm32f10x_dac.c                  0x00000000   Number         0  stm32f10x_dac.o ABSOLUTE
    library\stm32f10x_dbgmcu.c               0x00000000   Number         0  stm32f10x_dbgmcu.o ABSOLUTE
    library\stm32f10x_dma.c                  0x00000000   Number         0  stm32f10x_dma.o ABSOLUTE
    library\stm32f10x_exti.c                 0x00000000   Number         0  stm32f10x_exti.o ABSOLUTE
    library\stm32f10x_flash.c                0x00000000   Number         0  stm32f10x_flash.o ABSOLUTE
    library\stm32f10x_fsmc.c                 0x00000000   Number         0  stm32f10x_fsmc.o ABSOLUTE
    library\stm32f10x_gpio.c                 0x00000000   Number         0  stm32f10x_gpio.o ABSOLUTE
    library\stm32f10x_i2c.c                  0x00000000   Number         0  stm32f10x_i2c.o ABSOLUTE
    library\stm32f10x_iwdg.c                 0x00000000   Number         0  stm32f10x_iwdg.o ABSOLUTE
    library\stm32f10x_pwr.c                  0x00000000   Number         0  stm32f10x_pwr.o ABSOLUTE
    library\stm32f10x_rcc.c                  0x00000000   Number         0  stm32f10x_rcc.o ABSOLUTE
    library\stm32f10x_rtc.c                  0x00000000   Number         0  stm32f10x_rtc.o ABSOLUTE
    library\stm32f10x_sdio.c                 0x00000000   Number         0  stm32f10x_sdio.o ABSOLUTE
    library\stm32f10x_spi.c                  0x00000000   Number         0  stm32f10x_spi.o ABSOLUTE
    library\stm32f10x_tim.c                  0x00000000   Number         0  stm32f10x_tim.o ABSOLUTE
    library\stm32f10x_usart.c                0x00000000   Number         0  stm32f10x_usart.o ABSOLUTE
    library\stm32f10x_wwdg.c                 0x00000000   Number         0  stm32f10x_wwdg.o ABSOLUTE
    start\\core_cm3.c                        0x00000000   Number         0  core_cm3.o ABSOLUTE
    start\core_cm3.c                         0x00000000   Number         0  core_cm3.o ABSOLUTE
    start\startup_stm32f10x_md.s             0x00000000   Number         0  startup_stm32f10x_md.o ABSOLUTE
    start\system_stm32f10x.c                 0x00000000   Number         0  system_stm32f10x.o ABSOLUTE
    system\Delay.c                           0x00000000   Number         0  delay.o ABSOLUTE
    system\EXTI.c                            0x00000000   Number         0  exti.o ABSOLUTE
    system\Timer.c                           0x00000000   Number         0  timer.o ABSOLUTE
    user\main.c                              0x00000000   Number         0  main.o ABSOLUTE
    user\stm32f10x_it.c                      0x00000000   Number         0  stm32f10x_it.o ABSOLUTE
    RESET                                    0x08000000   Section      236  startup_stm32f10x_md.o(RESET)
    !!!main                                  0x080000ec   Section        8  __main.o(!!!main)
    !!!scatter                               0x080000f4   Section       52  __scatter.o(!!!scatter)
    !!dczerorl                               0x08000128   Section       58  __dczerorl.o(!!dczerorl)
    !!handler_zi                             0x08000164   Section       28  __scatter_zi.o(!!handler_zi)
    .ARM.Collect$$libinit$$00000000          0x08000180   Section        2  libinit.o(.ARM.Collect$$libinit$$00000000)
    .ARM.Collect$$libinit$$00000002          0x08000182   Section        0  libinit2.o(.ARM.Collect$$libinit$$00000002)
    .ARM.Collect$$libinit$$00000004          0x08000182   Section        0  libinit2.o(.ARM.Collect$$libinit$$00000004)
    .ARM.Collect$$libinit$$0000000A          0x08000182   Section        0  libinit2.o(.ARM.Collect$$libinit$$0000000A)
    .ARM.Collect$$libinit$$0000000C          0x08000182   Section        0  libinit2.o(.ARM.Collect$$libinit$$0000000C)
    .ARM.Collect$$libinit$$0000000E          0x08000182   Section        0  libinit2.o(.ARM.Collect$$libinit$$0000000E)
    .ARM.Collect$$libinit$$00000011          0x08000182   Section        0  libinit2.o(.ARM.Collect$$libinit$$00000011)
    .ARM.Collect$$libinit$$00000013          0x08000182   Section        0  libinit2.o(.ARM.Collect$$libinit$$00000013)
    .ARM.Collect$$libinit$$00000015          0x08000182   Section        0  libinit2.o(.ARM.Collect$$libinit$$00000015)
    .ARM.Collect$$libinit$$00000017          0x08000182   Section        0  libinit2.o(.ARM.Collect$$libinit$$00000017)
    .ARM.Collect$$libinit$$00000019          0x08000182   Section        0  libinit2.o(.ARM.Collect$$libinit$$00000019)
    .ARM.Collect$$libinit$$0000001B          0x08000182   Section        0  libinit2.o(.ARM.Collect$$libinit$$0000001B)
    .ARM.Collect$$libinit$$0000001D          0x08000182   Section        0  libinit2.o(.ARM.Collect$$libinit$$0000001D)
    .ARM.Collect$$libinit$$0000001F          0x08000182   Section        0  libinit2.o(.ARM.Collect$$libinit$$0000001F)
    .ARM.Collect$$libinit$$00000021          0x08000182   Section        0  libinit2.o(.ARM.Collect$$libinit$$00000021)
    .ARM.Collect$$libinit$$00000023          0x08000182   Section        0  libinit2.o(.ARM.Collect$$libinit$$00000023)
    .ARM.Collect$$libinit$$00000025          0x08000182   Section        0  libinit2.o(.ARM.Collect$$libinit$$00000025)
    .ARM.Collect$$libinit$$0000002C          0x08000182   Section        0  libinit2.o(.ARM.Collect$$libinit$$0000002C)
    .ARM.Collect$$libinit$$0000002E          0x08000182   Section        0  libinit2.o(.ARM.Collect$$libinit$$0000002E)
    .ARM.Collect$$libinit$$00000030          0x08000182   Section        0  libinit2.o(.ARM.Collect$$libinit$$00000030)
    .ARM.Collect$$libinit$$00000032          0x08000182   Section        0  libinit2.o(.ARM.Collect$$libinit$$00000032)
    .ARM.Collect$$libinit$$00000033          0x08000182   Section        2  libinit2.o(.ARM.Collect$$libinit$$00000033)
    .ARM.Collect$$libshutdown$$00000000      0x08000184   Section        2  libshutdown.o(.ARM.Collect$$libshutdown$$00000000)
    .ARM.Collect$$libshutdown$$00000002      0x08000186   Section        0  libshutdown2.o(.ARM.Collect$$libshutdown$$00000002)
    .ARM.Collect$$libshutdown$$00000004      0x08000186   Section        0  libshutdown2.o(.ARM.Collect$$libshutdown$$00000004)
    .ARM.Collect$$libshutdown$$00000006      0x08000186   Section        0  libshutdown2.o(.ARM.Collect$$libshutdown$$00000006)
    .ARM.Collect$$libshutdown$$00000009      0x08000186   Section        0  libshutdown2.o(.ARM.Collect$$libshutdown$$00000009)
    .ARM.Collect$$libshutdown$$0000000C      0x08000186   Section        0  libshutdown2.o(.ARM.Collect$$libshutdown$$0000000C)
    .ARM.Collect$$libshutdown$$0000000E      0x08000186   Section        0  libshutdown2.o(.ARM.Collect$$libshutdown$$0000000E)
    .ARM.Collect$$libshutdown$$00000011      0x08000186   Section        0  libshutdown2.o(.ARM.Collect$$libshutdown$$00000011)
    .ARM.Collect$$libshutdown$$00000012      0x08000186   Section        2  libshutdown2.o(.ARM.Collect$$libshutdown$$00000012)
    .ARM.Collect$$rtentry$$00000000          0x08000188   Section        0  __rtentry.o(.ARM.Collect$$rtentry$$00000000)
    .ARM.Collect$$rtentry$$00000002          0x08000188   Section        0  __rtentry2.o(.ARM.Collect$$rtentry$$00000002)
    .ARM.Collect$$rtentry$$00000004          0x08000188   Section        6  __rtentry4.o(.ARM.Collect$$rtentry$$00000004)
    .ARM.Collect$$rtentry$$00000009          0x0800018e   Section        0  __rtentry2.o(.ARM.Collect$$rtentry$$00000009)
    .ARM.Collect$$rtentry$$0000000A          0x0800018e   Section        4  __rtentry2.o(.ARM.Collect$$rtentry$$0000000A)
    .ARM.Collect$$rtentry$$0000000C          0x08000192   Section        0  __rtentry2.o(.ARM.Collect$$rtentry$$0000000C)
    .ARM.Collect$$rtentry$$0000000D          0x08000192   Section        8  __rtentry2.o(.ARM.Collect$$rtentry$$0000000D)
    .ARM.Collect$$rtexit$$00000000           0x0800019a   Section        2  rtexit.o(.ARM.Collect$$rtexit$$00000000)
    .ARM.Collect$$rtexit$$00000002           0x0800019c   Section        0  rtexit2.o(.ARM.Collect$$rtexit$$00000002)
    .ARM.Collect$$rtexit$$00000003           0x0800019c   Section        4  rtexit2.o(.ARM.Collect$$rtexit$$00000003)
    .ARM.Collect$$rtexit$$00000004           0x080001a0   Section        6  rtexit2.o(.ARM.Collect$$rtexit$$00000004)
    .text                                    0x080001a8   Section       64  startup_stm32f10x_md.o(.text)
    .text                                    0x080001e8   Section        0  heapauxi.o(.text)
    .text                                    0x080001ee   Section        0  _rserrno.o(.text)
    .text                                    0x08000204   Section        8  rt_errno_addr_intlibspace.o(.text)
    .text                                    0x0800020c   Section        8  libspace.o(.text)
    .text                                    0x08000214   Section       74  sys_stackheap_outer.o(.text)
    .text                                    0x0800025e   Section        0  exit.o(.text)
    .text                                    0x08000270   Section        2  use_no_semi.o(.text)
    .text                                    0x08000272   Section        0  indicate_semi.o(.text)
    .text                                    0x08000274   Section        0  sys_exit.o(.text)
    i.Acc                                    0x08000280   Section        0  menu.o(i.Acc)
    i.Acc_number                             0x08000314   Section        0  menu.o(i.Acc_number)
    i.Angle                                  0x08000428   Section        0  menu.o(i.Angle)
    i.Angle_number                           0x080004bc   Section        0  menu.o(i.Angle_number)
    i.BlueTooth                              0x08000604   Section        0  menu.o(i.BlueTooth)
    i.BusFault_Handler                       0x08000698   Section        0  stm32f10x_it.o(i.BusFault_Handler)
    i.DebugMon_Handler                       0x0800069c   Section        0  stm32f10x_it.o(i.DebugMon_Handler)
    i.Delay_ms                               0x0800069e   Section        0  delay.o(i.Delay_ms)
    i.Delay_us                               0x080006b6   Section        0  delay.o(i.Delay_us)
    i.EXTI15_10_IRQHandler                   0x080006e4   Section        0  exti.o(i.EXTI15_10_IRQHandler)
    i.EXTI_ClearITPendingBit                 0x080007a4   Section        0  stm32f10x_exti.o(i.EXTI_ClearITPendingBit)
    i.EXTI_GetITStatus                       0x080007b0   Section        0  stm32f10x_exti.o(i.EXTI_GetITStatus)
    i.EXTI_Init                              0x080007d8   Section        0  stm32f10x_exti.o(i.EXTI_Init)
    i.Exti_Init                              0x0800086c   Section        0  exti.o(i.Exti_Init)
    i.GPIO_EXTILineConfig                    0x080008e8   Section        0  stm32f10x_gpio.o(i.GPIO_EXTILineConfig)
    i.GPIO_Init                              0x08000928   Section        0  stm32f10x_gpio.o(i.GPIO_Init)
    i.GPIO_ReadInputDataBit                  0x08000a3e   Section        0  stm32f10x_gpio.o(i.GPIO_ReadInputDataBit)
    i.GPIO_ReadOutputDataBit                 0x08000a50   Section        0  stm32f10x_gpio.o(i.GPIO_ReadOutputDataBit)
    i.GPIO_ResetBits                         0x08000a62   Section        0  stm32f10x_gpio.o(i.GPIO_ResetBits)
    i.GPIO_SetBits                           0x08000a66   Section        0  stm32f10x_gpio.o(i.GPIO_SetBits)
    i.GPIO_WriteBit                          0x08000a6a   Section        0  stm32f10x_gpio.o(i.GPIO_WriteBit)
    i.HardFault_Handler                      0x08000a74   Section        0  stm32f10x_it.o(i.HardFault_Handler)
    i.Imu_Update                             0x08000a78   Section        0  mohony.o(i.Imu_Update)
    i.Key_getnum                             0x08001038   Section        0  key_1.o(i.Key_getnum)
    i.LED                                    0x080010f0   Section        0  menu.o(i.LED)
    i.LED1_Turn                              0x08001138   Section        0  led_1.o(i.LED1_Turn)
    i.LED2_Turn                              0x0800115c   Section        0  led_1.o(i.LED2_Turn)
    i.Love                                   0x08001180   Section        0  menu.o(i.Love)
    i.MPU                                    0x080011a0   Section        0  menu.o(i.MPU)
    i.MPU6050_Init                           0x08001234   Section        0  mpu6050.o(i.MPU6050_Init)
    i.MPU6050_ReadData                       0x0800126c   Section        0  mpu6050.o(i.MPU6050_ReadData)
    i.MPU6050_ReadReg                        0x08001308   Section        0  mpu6050.o(i.MPU6050_ReadReg)
    i.MPU6050_WriteReg                       0x08001346   Section        0  mpu6050.o(i.MPU6050_WriteReg)
    i.MemManage_Handler                      0x08001374   Section        0  stm32f10x_it.o(i.MemManage_Handler)
    i.MyI2C_Init                             0x08001378   Section        0  myi2c.o(i.MyI2C_Init)
    i.MyI2C_R_SDA                            0x080013b0   Section        0  myi2c.o(i.MyI2C_R_SDA)
    i.MyI2C_ReceiveAck                       0x080013cc   Section        0  myi2c.o(i.MyI2C_ReceiveAck)
    i.MyI2C_ReceiveByte                      0x080013ea   Section        0  myi2c.o(i.MyI2C_ReceiveByte)
    i.MyI2C_SendAck                          0x0800141c   Section        0  myi2c.o(i.MyI2C_SendAck)
    i.MyI2C_SendByte                         0x08001434   Section        0  myi2c.o(i.MyI2C_SendByte)
    i.MyI2C_Start                            0x0800145e   Section        0  myi2c.o(i.MyI2C_Start)
    i.MyI2C_Stop                             0x0800147a   Section        0  myi2c.o(i.MyI2C_Stop)
    i.MyI2C_W_SCL                            0x08001490   Section        0  myi2c.o(i.MyI2C_W_SCL)
    i.MyI2C_W_SDA                            0x080014ac   Section        0  myi2c.o(i.MyI2C_W_SDA)
    i.NMI_Handler                            0x080014c8   Section        0  stm32f10x_it.o(i.NMI_Handler)
    i.NVIC_Init                              0x080014cc   Section        0  misc.o(i.NVIC_Init)
    i.NVIC_PriorityGroupConfig               0x0800153c   Section        0  misc.o(i.NVIC_PriorityGroupConfig)
    i.OLED_I2C_SendByte                      0x08001550   Section        0  oled.o(i.OLED_I2C_SendByte)
    i.OLED_I2C_Start                         0x080015a4   Section        0  oled.o(i.OLED_I2C_Start)
    i.OLED_I2C_Stop                          0x080015d8   Section        0  oled.o(i.OLED_I2C_Stop)
    i.OLED_Pow                               0x08001600   Section        0  oled.o(i.OLED_Pow)
    i.OLED_SetCursor                         0x08001614   Section        0  oled.o(i.OLED_SetCursor)
    i.OLED_ShowChar                          0x08001638   Section        0  oled.o(i.OLED_ShowChar)
    i.OLED_ShowNum                           0x080016ac   Section        0  oled.o(i.OLED_ShowNum)
    i.OLED_ShowSignedNum                     0x080016f0   Section        0  oled.o(i.OLED_ShowSignedNum)
    i.OLED_ShowString                        0x08001756   Section        0  oled.o(i.OLED_ShowString)
    i.OLED_WriteCommand                      0x0800177e   Section        0  oled.o(i.OLED_WriteCommand)
    i.OLED_WriteData                         0x0800179e   Section        0  oled.o(i.OLED_WriteData)
    i.PWM_SetCompare1                        0x080017c0   Section        0  pwm.o(i.PWM_SetCompare1)
    i.PendSV_Handler                         0x080017d4   Section        0  stm32f10x_it.o(i.PendSV_Handler)
    i.Prepare_Data                           0x080017d8   Section        0  mohony.o(i.Prepare_Data)
    i.RCC_APB1PeriphClockCmd                 0x080018e0   Section        0  stm32f10x_rcc.o(i.RCC_APB1PeriphClockCmd)
    i.RCC_APB2PeriphClockCmd                 0x08001900   Section        0  stm32f10x_rcc.o(i.RCC_APB2PeriphClockCmd)
    i.RCC_GetClocksFreq                      0x08001920   Section        0  stm32f10x_rcc.o(i.RCC_GetClocksFreq)
    i.SVC_Handler                            0x080019f4   Section        0  stm32f10x_it.o(i.SVC_Handler)
    i.SetSysClock                            0x080019f6   Section        0  system_stm32f10x.o(i.SetSysClock)
    SetSysClock                              0x080019f7   Thumb Code     8  system_stm32f10x.o(i.SetSysClock)
    i.SetSysClockTo72                        0x08001a00   Section        0  system_stm32f10x.o(i.SetSysClockTo72)
    SetSysClockTo72                          0x08001a01   Thumb Code   214  system_stm32f10x.o(i.SetSysClockTo72)
    i.Setting                                0x08001ae0   Section        0  menu.o(i.Setting)
    i.Start                                  0x08001b88   Section        0  menu.o(i.Start)
    i.Surprise                               0x08001bec   Section        0  menu.o(i.Surprise)
    i.SysTick_Handler                        0x08001c8c   Section        0  stm32f10x_it.o(i.SysTick_Handler)
    i.SystemInit                             0x08001c90   Section        0  system_stm32f10x.o(i.SystemInit)
    i.TIM2_IRQHandler                        0x08001cf0   Section        0  timer.o(i.TIM2_IRQHandler)
    i.TIM_ClearITPendingBit                  0x08001d50   Section        0  stm32f10x_tim.o(i.TIM_ClearITPendingBit)
    i.TIM_Cmd                                0x08001d56   Section        0  stm32f10x_tim.o(i.TIM_Cmd)
    i.TIM_GetITStatus                        0x08001d6e   Section        0  stm32f10x_tim.o(i.TIM_GetITStatus)
    i.TIM_SetCompare1                        0x08001d90   Section        0  stm32f10x_tim.o(i.TIM_SetCompare1)
    i.Time                                   0x08001d94   Section        0  menu.o(i.Time)
    i.Time_change_h                          0x08001e54   Section        0  menu.o(i.Time_change_h)
    i.Time_change_m                          0x08001ed4   Section        0  menu.o(i.Time_change_m)
    i.Time_change_s                          0x08001f54   Section        0  menu.o(i.Time_change_s)
    i.USART2_IRQHandler                      0x08001fe0   Section        0  hc05.o(i.USART2_IRQHandler)
    i.USART_Cmd                              0x0800200c   Section        0  stm32f10x_usart.o(i.USART_Cmd)
    i.USART_GetITStatus                      0x08002024   Section        0  stm32f10x_usart.o(i.USART_GetITStatus)
    i.USART_ITConfig                         0x08002078   Section        0  stm32f10x_usart.o(i.USART_ITConfig)
    i.USART_Init                             0x080020c4   Section        0  stm32f10x_usart.o(i.USART_Init)
    i.USART_ReceiveData                      0x0800219c   Section        0  stm32f10x_usart.o(i.USART_ReceiveData)
    i.USART_SendData                         0x080021a6   Section        0  stm32f10x_usart.o(i.USART_SendData)
    i.UsageFault_Handler                     0x080021ae   Section        0  stm32f10x_it.o(i.UsageFault_Handler)
    i.__ARM_fpclassify                       0x080021b2   Section        0  fpclassify.o(i.__ARM_fpclassify)
    i.__kernel_poly                          0x080021da   Section        0  poly.o(i.__kernel_poly)
    i.__mathlib_dbl_infnan                   0x08002284   Section        0  dunder.o(i.__mathlib_dbl_infnan)
    i.__mathlib_dbl_infnan2                  0x0800228a   Section        0  dunder.o(i.__mathlib_dbl_infnan2)
    i.__mathlib_dbl_invalid                  0x0800228e   Section        0  dunder.o(i.__mathlib_dbl_invalid)
    i.__mathlib_dbl_underflow                0x0800229c   Section        0  dunder.o(i.__mathlib_dbl_underflow)
    i.asin                                   0x080022ac   Section        0  asin.o(i.asin)
    i.atan                                   0x0800251c   Section        0  atan.o(i.atan)
    i.atan2                                  0x0800273c   Section        0  atan2.o(i.atan2)
    i.blue                                   0x080028d8   Section        0  menu.o(i.blue)
    i.invSqrt                                0x08002948   Section        0  mohony.o(i.invSqrt)
    invSqrt                                  0x08002949   Thumb Code    72  mohony.o(i.invSqrt)
    i.lanya_Init                             0x08002994   Section        0  hc05.o(i.lanya_Init)
    i.main                                   0x08002a44   Section        0  main.o(i.main)
    i.sqrt                                   0x08002a54   Section        0  sqrt.o(i.sqrt)
    x$fpl$d2f                                0x08002aa0   Section       98  d2f.o(x$fpl$d2f)
    x$fpl$dadd                               0x08002b04   Section      336  daddsub_clz.o(x$fpl$dadd)
    _dadd1                                   0x08002b15   Thumb Code     0  daddsub_clz.o(x$fpl$dadd)
    x$fpl$dcheck1                            0x08002c54   Section       16  dcheck1.o(x$fpl$dcheck1)
    x$fpl$dcmpinf                            0x08002c64   Section       24  dcmpi.o(x$fpl$dcmpinf)
    x$fpl$ddiv                               0x08002c7c   Section      688  ddiv.o(x$fpl$ddiv)
    ddiv_entry                               0x08002c83   Thumb Code     0  ddiv.o(x$fpl$ddiv)
    x$fpl$deqf                               0x08002f2c   Section      120  deqf.o(x$fpl$deqf)
    x$fpl$dmul                               0x08002fa4   Section      340  dmul.o(x$fpl$dmul)
    x$fpl$dnaninf                            0x080030f8   Section      156  dnaninf.o(x$fpl$dnaninf)
    x$fpl$dretinf                            0x08003194   Section       12  dretinf.o(x$fpl$dretinf)
    x$fpl$drsb                               0x080031a0   Section       22  daddsub_clz.o(x$fpl$drsb)
    x$fpl$dsqrt                              0x080031b8   Section      460  dsqrt_noumaal.o(x$fpl$dsqrt)
    x$fpl$dsub                               0x08003384   Section      468  daddsub_clz.o(x$fpl$dsub)
    _dsub1                                   0x08003395   Thumb Code     0  daddsub_clz.o(x$fpl$dsub)
    x$fpl$f2d                                0x08003558   Section       86  f2d.o(x$fpl$f2d)
    x$fpl$fadd                               0x080035b0   Section      196  faddsub_clz.o(x$fpl$fadd)
    _fadd1                                   0x080035bf   Thumb Code     0  faddsub_clz.o(x$fpl$fadd)
    x$fpl$fdiv                               0x08003674   Section      388  fdiv.o(x$fpl$fdiv)
    _fdiv1                                   0x08003675   Thumb Code     0  fdiv.o(x$fpl$fdiv)
    x$fpl$ffix                               0x080037f8   Section       54  ffix.o(x$fpl$ffix)
    x$fpl$fflt                               0x08003830   Section       48  fflt_clz.o(x$fpl$fflt)
    x$fpl$fmul                               0x08003860   Section      258  fmul.o(x$fpl$fmul)
    x$fpl$fnaninf                            0x08003962   Section      140  fnaninf.o(x$fpl$fnaninf)
    x$fpl$fretinf                            0x080039ee   Section       10  fretinf.o(x$fpl$fretinf)
    x$fpl$frsb                               0x080039f8   Section       20  faddsub_clz.o(x$fpl$frsb)
    x$fpl$fsub                               0x08003a0c   Section      234  faddsub_clz.o(x$fpl$fsub)
    _fsub1                                   0x08003a1b   Thumb Code     0  faddsub_clz.o(x$fpl$fsub)
    x$fpl$retnan                             0x08003af6   Section      100  retnan.o(x$fpl$retnan)
    x$fpl$scalbn                             0x08003b5a   Section       92  scalbn.o(x$fpl$scalbn)
    x$fpl$trapveneer                         0x08003bb6   Section       48  trapv.o(x$fpl$trapveneer)
    .constdata                               0x08003be6   Section     1520  oled.o(.constdata)
    x$fpl$usenofp                            0x08003be6   Section        0  usenofp.o(x$fpl$usenofp)
    .constdata                               0x080041d8   Section       80  asin.o(.constdata)
    pS                                       0x080041d8   Data          48  asin.o(.constdata)
    qS                                       0x08004208   Data          32  asin.o(.constdata)
    .constdata                               0x08004228   Section      152  atan.o(.constdata)
    atanhi                                   0x08004228   Data          32  atan.o(.constdata)
    atanlo                                   0x08004248   Data          32  atan.o(.constdata)
    aTodd                                    0x08004268   Data          40  atan.o(.constdata)
    aTeven                                   0x08004290   Data          48  atan.o(.constdata)
    .constdata                               0x080042c0   Section        8  qnan.o(.constdata)
    .data                                    0x20000000   Section       20  stm32f10x_rcc.o(.data)
    APBAHBPrescTable                         0x20000000   Data          16  stm32f10x_rcc.o(.data)
    ADCPrescTable                            0x20000010   Data           4  stm32f10x_rcc.o(.data)
    .data                                    0x20000014   Section       16  main.o(.data)
    .data                                    0x20000024   Section      856  menu.o(.data)
    .data                                    0x2000037c   Section        4  pwm.o(.data)
    .data                                    0x20000380   Section        1  hc05.o(.data)
    .data                                    0x20000384   Section       28  mohony.o(.data)
    .bss                                     0x200003a0   Section       96  libspace.o(.bss)
    HEAP                                     0x20000400   Section      512  startup_stm32f10x_md.o(HEAP)
    Heap_Mem                                 0x20000400   Data         512  startup_stm32f10x_md.o(HEAP)
    STACK                                    0x20000600   Section     1024  startup_stm32f10x_md.o(STACK)
    Stack_Mem                                0x20000600   Data        1024  startup_stm32f10x_md.o(STACK)
    __initial_sp                             0x20000a00   Data           0  startup_stm32f10x_md.o(STACK)

    Global Symbols

    Symbol Name                              Value     Ov Type        Size  Object(Section)

    BuildAttributes$$THM_ISAv4$P$D$K$B$S$PE$A:L22UL41UL21$X:L11$S22US41US21$IEEE1$IW$USESV6$~STKCKD$USESV7$~SHL$OTIME$ROPI$IEEEX$EBA8$UX$STANDARDLIB$REQ8$PRES8$EABIv2 0x00000000   Number         0  anon$$obj.o ABSOLUTE
    __ARM_use_no_argv                        0x00000000   Number         0  main.o ABSOLUTE
    __ARM_exceptions_init                     - Undefined Weak Reference
    __alloca_initialize                       - Undefined Weak Reference
    __arm_fini_                               - Undefined Weak Reference
    __arm_preinit_                            - Undefined Weak Reference
    __cpp_initialize__aeabi_                  - Undefined Weak Reference
    __cxa_finalize                            - Undefined Weak Reference
    __rt_locale                               - Undefined Weak Reference
    __sigvec_lookup                           - Undefined Weak Reference
    _atexit_init                              - Undefined Weak Reference
    _call_atexit_fns                          - Undefined Weak Reference
    _clock_init                               - Undefined Weak Reference
    _fp_trap_init                             - Undefined Weak Reference
    _fp_trap_shutdown                         - Undefined Weak Reference
    _get_lc_collate                           - Undefined Weak Reference
    _get_lc_ctype                             - Undefined Weak Reference
    _get_lc_monetary                          - Undefined Weak Reference
    _get_lc_numeric                           - Undefined Weak Reference
    _get_lc_time                              - Undefined Weak Reference
    _getenv_init                              - Undefined Weak Reference
    _handle_redirection                       - Undefined Weak Reference
    _init_alloc                               - Undefined Weak Reference
    _init_user_alloc                          - Undefined Weak Reference
    _initio                                   - Undefined Weak Reference
    _signal_finish                            - Undefined Weak Reference
    _signal_init                              - Undefined Weak Reference
    _terminate_alloc                          - Undefined Weak Reference
    _terminate_user_alloc                     - Undefined Weak Reference
    _terminateio                              - Undefined Weak Reference
    __Vectors_Size                           0x000000ec   Number         0  startup_stm32f10x_md.o ABSOLUTE
    __Vectors                                0x08000000   Data           4  startup_stm32f10x_md.o(RESET)
    __Vectors_End                            0x080000ec   Data           0  startup_stm32f10x_md.o(RESET)
    __main                                   0x080000ed   Thumb Code     8  __main.o(!!!main)
    __scatterload                            0x080000f5   Thumb Code     0  __scatter.o(!!!scatter)
    __scatterload_rt2                        0x080000f5   Thumb Code    44  __scatter.o(!!!scatter)
    __scatterload_rt2_thumb_only             0x080000f5   Thumb Code     0  __scatter.o(!!!scatter)
    __scatterload_null                       0x08000103   Thumb Code     0  __scatter.o(!!!scatter)
    __decompress                             0x08000129   Thumb Code    58  __dczerorl.o(!!dczerorl)
    __decompress0                            0x08000129   Thumb Code     0  __dczerorl.o(!!dczerorl)
    __scatterload_zeroinit                   0x08000165   Thumb Code    28  __scatter_zi.o(!!handler_zi)
    __rt_lib_init                            0x08000181   Thumb Code     0  libinit.o(.ARM.Collect$$libinit$$00000000)
    __rt_lib_init_alloca_1                   0x08000183   Thumb Code     0  libinit2.o(.ARM.Collect$$libinit$$0000002E)
    __rt_lib_init_argv_1                     0x08000183   Thumb Code     0  libinit2.o(.ARM.Collect$$libinit$$0000002C)
    __rt_lib_init_atexit_1                   0x08000183   Thumb Code     0  libinit2.o(.ARM.Collect$$libinit$$0000001B)
    __rt_lib_init_clock_1                    0x08000183   Thumb Code     0  libinit2.o(.ARM.Collect$$libinit$$00000021)
    __rt_lib_init_cpp_1                      0x08000183   Thumb Code     0  libinit2.o(.ARM.Collect$$libinit$$00000032)
    __rt_lib_init_exceptions_1               0x08000183   Thumb Code     0  libinit2.o(.ARM.Collect$$libinit$$00000030)
    __rt_lib_init_fp_1                       0x08000183   Thumb Code     0  libinit2.o(.ARM.Collect$$libinit$$00000002)
    __rt_lib_init_fp_trap_1                  0x08000183   Thumb Code     0  libinit2.o(.ARM.Collect$$libinit$$0000001F)
    __rt_lib_init_getenv_1                   0x08000183   Thumb Code     0  libinit2.o(.ARM.Collect$$libinit$$00000023)
    __rt_lib_init_heap_1                     0x08000183   Thumb Code     0  libinit2.o(.ARM.Collect$$libinit$$0000000A)
    __rt_lib_init_lc_collate_1               0x08000183   Thumb Code     0  libinit2.o(.ARM.Collect$$libinit$$00000011)
    __rt_lib_init_lc_ctype_1                 0x08000183   Thumb Code     0  libinit2.o(.ARM.Collect$$libinit$$00000013)
    __rt_lib_init_lc_monetary_1              0x08000183   Thumb Code     0  libinit2.o(.ARM.Collect$$libinit$$00000015)
    __rt_lib_init_lc_numeric_1               0x08000183   Thumb Code     0  libinit2.o(.ARM.Collect$$libinit$$00000017)
    __rt_lib_init_lc_time_1                  0x08000183   Thumb Code     0  libinit2.o(.ARM.Collect$$libinit$$00000019)
    __rt_lib_init_preinit_1                  0x08000183   Thumb Code     0  libinit2.o(.ARM.Collect$$libinit$$00000004)
    __rt_lib_init_rand_1                     0x08000183   Thumb Code     0  libinit2.o(.ARM.Collect$$libinit$$0000000E)
    __rt_lib_init_return                     0x08000183   Thumb Code     0  libinit2.o(.ARM.Collect$$libinit$$00000033)
    __rt_lib_init_signal_1                   0x08000183   Thumb Code     0  libinit2.o(.ARM.Collect$$libinit$$0000001D)
    __rt_lib_init_stdio_1                    0x08000183   Thumb Code     0  libinit2.o(.ARM.Collect$$libinit$$00000025)
    __rt_lib_init_user_alloc_1               0x08000183   Thumb Code     0  libinit2.o(.ARM.Collect$$libinit$$0000000C)
    __rt_lib_shutdown                        0x08000185   Thumb Code     0  libshutdown.o(.ARM.Collect$$libshutdown$$00000000)
    __rt_lib_shutdown_cpp_1                  0x08000187   Thumb Code     0  libshutdown2.o(.ARM.Collect$$libshutdown$$00000004)
    __rt_lib_shutdown_fini_1                 0x08000187   Thumb Code     0  libshutdown2.o(.ARM.Collect$$libshutdown$$00000002)
    __rt_lib_shutdown_fp_trap_1              0x08000187   Thumb Code     0  libshutdown2.o(.ARM.Collect$$libshutdown$$00000009)
    __rt_lib_shutdown_heap_1                 0x08000187   Thumb Code     0  libshutdown2.o(.ARM.Collect$$libshutdown$$00000011)
    __rt_lib_shutdown_return                 0x08000187   Thumb Code     0  libshutdown2.o(.ARM.Collect$$libshutdown$$00000012)
    __rt_lib_shutdown_signal_1               0x08000187   Thumb Code     0  libshutdown2.o(.ARM.Collect$$libshutdown$$0000000C)
    __rt_lib_shutdown_stdio_1                0x08000187   Thumb Code     0  libshutdown2.o(.ARM.Collect$$libshutdown$$00000006)
    __rt_lib_shutdown_user_alloc_1           0x08000187   Thumb Code     0  libshutdown2.o(.ARM.Collect$$libshutdown$$0000000E)
    __rt_entry                               0x08000189   Thumb Code     0  __rtentry.o(.ARM.Collect$$rtentry$$00000000)
    __rt_entry_presh_1                       0x08000189   Thumb Code     0  __rtentry2.o(.ARM.Collect$$rtentry$$00000002)
    __rt_entry_sh                            0x08000189   Thumb Code     0  __rtentry4.o(.ARM.Collect$$rtentry$$00000004)
    __rt_entry_li                            0x0800018f   Thumb Code     0  __rtentry2.o(.ARM.Collect$$rtentry$$0000000A)
    __rt_entry_postsh_1                      0x0800018f   Thumb Code     0  __rtentry2.o(.ARM.Collect$$rtentry$$00000009)
    __rt_entry_main                          0x08000193   Thumb Code     0  __rtentry2.o(.ARM.Collect$$rtentry$$0000000D)
    __rt_entry_postli_1                      0x08000193   Thumb Code     0  __rtentry2.o(.ARM.Collect$$rtentry$$0000000C)
    __rt_exit                                0x0800019b   Thumb Code     0  rtexit.o(.ARM.Collect$$rtexit$$00000000)
    __rt_exit_ls                             0x0800019d   Thumb Code     0  rtexit2.o(.ARM.Collect$$rtexit$$00000003)
    __rt_exit_prels_1                        0x0800019d   Thumb Code     0  rtexit2.o(.ARM.Collect$$rtexit$$00000002)
    __rt_exit_exit                           0x080001a1   Thumb Code     0  rtexit2.o(.ARM.Collect$$rtexit$$00000004)
    Reset_Handler                            0x080001a9   Thumb Code     8  startup_stm32f10x_md.o(.text)
    ADC1_2_IRQHandler                        0x080001c3   Thumb Code     0  startup_stm32f10x_md.o(.text)
    CAN1_RX1_IRQHandler                      0x080001c3   Thumb Code     0  startup_stm32f10x_md.o(.text)
    CAN1_SCE_IRQHandler                      0x080001c3   Thumb Code     0  startup_stm32f10x_md.o(.text)
    DMA1_Channel1_IRQHandler                 0x080001c3   Thumb Code     0  startup_stm32f10x_md.o(.text)
    DMA1_Channel2_IRQHandler                 0x080001c3   Thumb Code     0  startup_stm32f10x_md.o(.text)
    DMA1_Channel3_IRQHandler                 0x080001c3   Thumb Code     0  startup_stm32f10x_md.o(.text)
    DMA1_Channel4_IRQHandler                 0x080001c3   Thumb Code     0  startup_stm32f10x_md.o(.text)
    DMA1_Channel5_IRQHandler                 0x080001c3   Thumb Code     0  startup_stm32f10x_md.o(.text)
    DMA1_Channel6_IRQHandler                 0x080001c3   Thumb Code     0  startup_stm32f10x_md.o(.text)
    DMA1_Channel7_IRQHandler                 0x080001c3   Thumb Code     0  startup_stm32f10x_md.o(.text)
    EXTI0_IRQHandler                         0x080001c3   Thumb Code     0  startup_stm32f10x_md.o(.text)
    EXTI1_IRQHandler                         0x080001c3   Thumb Code     0  startup_stm32f10x_md.o(.text)
    EXTI2_IRQHandler                         0x080001c3   Thumb Code     0  startup_stm32f10x_md.o(.text)
    EXTI3_IRQHandler                         0x080001c3   Thumb Code     0  startup_stm32f10x_md.o(.text)
    EXTI4_IRQHandler                         0x080001c3   Thumb Code     0  startup_stm32f10x_md.o(.text)
    EXTI9_5_IRQHandler                       0x080001c3   Thumb Code     0  startup_stm32f10x_md.o(.text)
    FLASH_IRQHandler                         0x080001c3   Thumb Code     0  startup_stm32f10x_md.o(.text)
    I2C1_ER_IRQHandler                       0x080001c3   Thumb Code     0  startup_stm32f10x_md.o(.text)
    I2C1_EV_IRQHandler                       0x080001c3   Thumb Code     0  startup_stm32f10x_md.o(.text)
    I2C2_ER_IRQHandler                       0x080001c3   Thumb Code     0  startup_stm32f10x_md.o(.text)
    I2C2_EV_IRQHandler                       0x080001c3   Thumb Code     0  startup_stm32f10x_md.o(.text)
    PVD_IRQHandler                           0x080001c3   Thumb Code     0  startup_stm32f10x_md.o(.text)
    RCC_IRQHandler                           0x080001c3   Thumb Code     0  startup_stm32f10x_md.o(.text)
    RTCAlarm_IRQHandler                      0x080001c3   Thumb Code     0  startup_stm32f10x_md.o(.text)
    RTC_IRQHandler                           0x080001c3   Thumb Code     0  startup_stm32f10x_md.o(.text)
    SPI1_IRQHandler                          0x080001c3   Thumb Code     0  startup_stm32f10x_md.o(.text)
    SPI2_IRQHandler                          0x080001c3   Thumb Code     0  startup_stm32f10x_md.o(.text)
    TAMPER_IRQHandler                        0x080001c3   Thumb Code     0  startup_stm32f10x_md.o(.text)
    TIM1_BRK_IRQHandler                      0x080001c3   Thumb Code     0  startup_stm32f10x_md.o(.text)
    TIM1_CC_IRQHandler                       0x080001c3   Thumb Code     0  startup_stm32f10x_md.o(.text)
    TIM1_TRG_COM_IRQHandler                  0x080001c3   Thumb Code     0  startup_stm32f10x_md.o(.text)
    TIM1_UP_IRQHandler                       0x080001c3   Thumb Code     0  startup_stm32f10x_md.o(.text)
    TIM3_IRQHandler                          0x080001c3   Thumb Code     0  startup_stm32f10x_md.o(.text)
    TIM4_IRQHandler                          0x080001c3   Thumb Code     0  startup_stm32f10x_md.o(.text)
    USART1_IRQHandler                        0x080001c3   Thumb Code     0  startup_stm32f10x_md.o(.text)
    USART3_IRQHandler                        0x080001c3   Thumb Code     0  startup_stm32f10x_md.o(.text)
    USBWakeUp_IRQHandler                     0x080001c3   Thumb Code     0  startup_stm32f10x_md.o(.text)
    USB_HP_CAN1_TX_IRQHandler                0x080001c3   Thumb Code     0  startup_stm32f10x_md.o(.text)
    USB_LP_CAN1_RX0_IRQHandler               0x080001c3   Thumb Code     0  startup_stm32f10x_md.o(.text)
    WWDG_IRQHandler                          0x080001c3   Thumb Code     0  startup_stm32f10x_md.o(.text)
    __user_initial_stackheap                 0x080001c5   Thumb Code     0  startup_stm32f10x_md.o(.text)
    __use_two_region_memory                  0x080001e9   Thumb Code     2  heapauxi.o(.text)
    __rt_heap_escrow$2region                 0x080001eb   Thumb Code     2  heapauxi.o(.text)
    __rt_heap_expand$2region                 0x080001ed   Thumb Code     2  heapauxi.o(.text)
    __read_errno                             0x080001ef   Thumb Code    10  _rserrno.o(.text)
    __set_errno                              0x080001f9   Thumb Code    12  _rserrno.o(.text)
    __aeabi_errno_addr                       0x08000205   Thumb Code     8  rt_errno_addr_intlibspace.o(.text)
    __errno$intlibspace                      0x08000205   Thumb Code     0  rt_errno_addr_intlibspace.o(.text)
    __rt_errno_addr$intlibspace              0x08000205   Thumb Code     0  rt_errno_addr_intlibspace.o(.text)
    __user_libspace                          0x0800020d   Thumb Code     8  libspace.o(.text)
    __user_perproc_libspace                  0x0800020d   Thumb Code     0  libspace.o(.text)
    __user_perthread_libspace                0x0800020d   Thumb Code     0  libspace.o(.text)
    __user_setup_stackheap                   0x08000215   Thumb Code    74  sys_stackheap_outer.o(.text)
    exit                                     0x0800025f   Thumb Code    18  exit.o(.text)
    __I$use$semihosting                      0x08000271   Thumb Code     0  use_no_semi.o(.text)
    __use_no_semihosting_swi                 0x08000271   Thumb Code     2  use_no_semi.o(.text)
    __semihosting_library_function           0x08000273   Thumb Code     0  indicate_semi.o(.text)
    _sys_exit                                0x08000275   Thumb Code     8  sys_exit.o(.text)
    Acc                                      0x08000281   Thumb Code   102  menu.o(i.Acc)
    Acc_number                               0x08000315   Thumb Code   232  menu.o(i.Acc_number)
    Angle                                    0x08000429   Thumb Code   102  menu.o(i.Angle)
    Angle_number                             0x080004bd   Thumb Code   260  menu.o(i.Angle_number)
    BlueTooth                                0x08000605   Thumb Code   102  menu.o(i.BlueTooth)
    BusFault_Handler                         0x08000699   Thumb Code     4  stm32f10x_it.o(i.BusFault_Handler)
    DebugMon_Handler                         0x0800069d   Thumb Code     2  stm32f10x_it.o(i.DebugMon_Handler)
    Delay_ms                                 0x0800069f   Thumb Code    24  delay.o(i.Delay_ms)
    Delay_us                                 0x080006b7   Thumb Code    46  delay.o(i.Delay_us)
    EXTI15_10_IRQHandler                     0x080006e5   Thumb Code   160  exti.o(i.EXTI15_10_IRQHandler)
    EXTI_ClearITPendingBit                   0x080007a5   Thumb Code     6  stm32f10x_exti.o(i.EXTI_ClearITPendingBit)
    EXTI_GetITStatus                         0x080007b1   Thumb Code    34  stm32f10x_exti.o(i.EXTI_GetITStatus)
    EXTI_Init                                0x080007d9   Thumb Code   142  stm32f10x_exti.o(i.EXTI_Init)
    Exti_Init                                0x0800086d   Thumb Code   120  exti.o(i.Exti_Init)
    GPIO_EXTILineConfig                      0x080008e9   Thumb Code    60  stm32f10x_gpio.o(i.GPIO_EXTILineConfig)
    GPIO_Init                                0x08000929   Thumb Code   278  stm32f10x_gpio.o(i.GPIO_Init)
    GPIO_ReadInputDataBit                    0x08000a3f   Thumb Code    18  stm32f10x_gpio.o(i.GPIO_ReadInputDataBit)
    GPIO_ReadOutputDataBit                   0x08000a51   Thumb Code    18  stm32f10x_gpio.o(i.GPIO_ReadOutputDataBit)
    GPIO_ResetBits                           0x08000a63   Thumb Code     4  stm32f10x_gpio.o(i.GPIO_ResetBits)
    GPIO_SetBits                             0x08000a67   Thumb Code     4  stm32f10x_gpio.o(i.GPIO_SetBits)
    GPIO_WriteBit                            0x08000a6b   Thumb Code    10  stm32f10x_gpio.o(i.GPIO_WriteBit)
    HardFault_Handler                        0x08000a75   Thumb Code     4  stm32f10x_it.o(i.HardFault_Handler)
    Imu_Update                               0x08000a79   Thumb Code  1438  mohony.o(i.Imu_Update)
    Key_getnum                               0x08001039   Thumb Code   176  key_1.o(i.Key_getnum)
    LED                                      0x080010f1   Thumb Code    52  menu.o(i.LED)
    LED1_Turn                                0x08001139   Thumb Code    32  led_1.o(i.LED1_Turn)
    LED2_Turn                                0x0800115d   Thumb Code    32  led_1.o(i.LED2_Turn)
    Love                                     0x08001181   Thumb Code    20  menu.o(i.Love)
    MPU                                      0x080011a1   Thumb Code   102  menu.o(i.MPU)
    MPU6050_Init                             0x08001235   Thumb Code    56  mpu6050.o(i.MPU6050_Init)
    MPU6050_ReadData                         0x0800126d   Thumb Code   156  mpu6050.o(i.MPU6050_ReadData)
    MPU6050_ReadReg                          0x08001309   Thumb Code    62  mpu6050.o(i.MPU6050_ReadReg)
    MPU6050_WriteReg                         0x08001347   Thumb Code    46  mpu6050.o(i.MPU6050_WriteReg)
    MemManage_Handler                        0x08001375   Thumb Code     4  stm32f10x_it.o(i.MemManage_Handler)
    MyI2C_Init                               0x08001379   Thumb Code    50  myi2c.o(i.MyI2C_Init)
    MyI2C_R_SDA                              0x080013b1   Thumb Code    24  myi2c.o(i.MyI2C_R_SDA)
    MyI2C_ReceiveAck                         0x080013cd   Thumb Code    30  myi2c.o(i.MyI2C_ReceiveAck)
    MyI2C_ReceiveByte                        0x080013eb   Thumb Code    50  myi2c.o(i.MyI2C_ReceiveByte)
    MyI2C_SendAck                            0x0800141d   Thumb Code    24  myi2c.o(i.MyI2C_SendAck)
    MyI2C_SendByte                           0x08001435   Thumb Code    42  myi2c.o(i.MyI2C_SendByte)
    MyI2C_Start                              0x0800145f   Thumb Code    28  myi2c.o(i.MyI2C_Start)
    MyI2C_Stop                               0x0800147b   Thumb Code    22  myi2c.o(i.MyI2C_Stop)
    MyI2C_W_SCL                              0x08001491   Thumb Code    24  myi2c.o(i.MyI2C_W_SCL)
    MyI2C_W_SDA                              0x080014ad   Thumb Code    24  myi2c.o(i.MyI2C_W_SDA)
    NMI_Handler                              0x080014c9   Thumb Code     2  stm32f10x_it.o(i.NMI_Handler)
    NVIC_Init                                0x080014cd   Thumb Code   100  misc.o(i.NVIC_Init)
    NVIC_PriorityGroupConfig                 0x0800153d   Thumb Code    10  misc.o(i.NVIC_PriorityGroupConfig)
    OLED_I2C_SendByte                        0x08001551   Thumb Code    80  oled.o(i.OLED_I2C_SendByte)
    OLED_I2C_Start                           0x080015a5   Thumb Code    48  oled.o(i.OLED_I2C_Start)
    OLED_I2C_Stop                            0x080015d9   Thumb Code    36  oled.o(i.OLED_I2C_Stop)
    OLED_Pow                                 0x08001601   Thumb Code    20  oled.o(i.OLED_Pow)
    OLED_SetCursor                           0x08001615   Thumb Code    34  oled.o(i.OLED_SetCursor)
    OLED_ShowChar                            0x08001639   Thumb Code   110  oled.o(i.OLED_ShowChar)
    OLED_ShowNum                             0x080016ad   Thumb Code    68  oled.o(i.OLED_ShowNum)
    OLED_ShowSignedNum                       0x080016f1   Thumb Code   102  oled.o(i.OLED_ShowSignedNum)
    OLED_ShowString                          0x08001757   Thumb Code    40  oled.o(i.OLED_ShowString)
    OLED_WriteCommand                        0x0800177f   Thumb Code    32  oled.o(i.OLED_WriteCommand)
    OLED_WriteData                           0x0800179f   Thumb Code    32  oled.o(i.OLED_WriteData)
    PWM_SetCompare1                          0x080017c1   Thumb Code    14  pwm.o(i.PWM_SetCompare1)
    PendSV_Handler                           0x080017d5   Thumb Code     2  stm32f10x_it.o(i.PendSV_Handler)
    Prepare_Data                             0x080017d9   Thumb Code   228  mohony.o(i.Prepare_Data)
    RCC_APB1PeriphClockCmd                   0x080018e1   Thumb Code    26  stm32f10x_rcc.o(i.RCC_APB1PeriphClockCmd)
    RCC_APB2PeriphClockCmd                   0x08001901   Thumb Code    26  stm32f10x_rcc.o(i.RCC_APB2PeriphClockCmd)
    RCC_GetClocksFreq                        0x08001921   Thumb Code   192  stm32f10x_rcc.o(i.RCC_GetClocksFreq)
    SVC_Handler                              0x080019f5   Thumb Code     2  stm32f10x_it.o(i.SVC_Handler)
    Setting                                  0x08001ae1   Thumb Code   112  menu.o(i.Setting)
    Start                                    0x08001b89   Thumb Code    76  menu.o(i.Start)
    Surprise                                 0x08001bed   Thumb Code   106  menu.o(i.Surprise)
    SysTick_Handler                          0x08001c8d   Thumb Code     2  stm32f10x_it.o(i.SysTick_Handler)
    SystemInit                               0x08001c91   Thumb Code    78  system_stm32f10x.o(i.SystemInit)
    TIM2_IRQHandler                          0x08001cf1   Thumb Code    84  timer.o(i.TIM2_IRQHandler)
    TIM_ClearITPendingBit                    0x08001d51   Thumb Code     6  stm32f10x_tim.o(i.TIM_ClearITPendingBit)
    TIM_Cmd                                  0x08001d57   Thumb Code    24  stm32f10x_tim.o(i.TIM_Cmd)
    TIM_GetITStatus                          0x08001d6f   Thumb Code    34  stm32f10x_tim.o(i.TIM_GetITStatus)
    TIM_SetCompare1                          0x08001d91   Thumb Code     4  stm32f10x_tim.o(i.TIM_SetCompare1)
    Time                                     0x08001d95   Thumb Code   128  menu.o(i.Time)
    Time_change_h                            0x08001e55   Thumb Code    96  menu.o(i.Time_change_h)
    Time_change_m                            0x08001ed5   Thumb Code    96  menu.o(i.Time_change_m)
    Time_change_s                            0x08001f55   Thumb Code   106  menu.o(i.Time_change_s)
    USART2_IRQHandler                        0x08001fe1   Thumb Code    34  hc05.o(i.USART2_IRQHandler)
    USART_Cmd                                0x0800200d   Thumb Code    24  stm32f10x_usart.o(i.USART_Cmd)
    USART_GetITStatus                        0x08002025   Thumb Code    84  stm32f10x_usart.o(i.USART_GetITStatus)
    USART_ITConfig                           0x08002079   Thumb Code    74  stm32f10x_usart.o(i.USART_ITConfig)
    USART_Init                               0x080020c5   Thumb Code   210  stm32f10x_usart.o(i.USART_Init)
    USART_ReceiveData                        0x0800219d   Thumb Code    10  stm32f10x_usart.o(i.USART_ReceiveData)
    USART_SendData                           0x080021a7   Thumb Code     8  stm32f10x_usart.o(i.USART_SendData)
    UsageFault_Handler                       0x080021af   Thumb Code     4  stm32f10x_it.o(i.UsageFault_Handler)
    __ARM_fpclassify                         0x080021b3   Thumb Code    40  fpclassify.o(i.__ARM_fpclassify)
    __kernel_poly                            0x080021db   Thumb Code   170  poly.o(i.__kernel_poly)
    __mathlib_dbl_infnan                     0x08002285   Thumb Code     6  dunder.o(i.__mathlib_dbl_infnan)
    __mathlib_dbl_infnan2                    0x0800228b   Thumb Code     4  dunder.o(i.__mathlib_dbl_infnan2)
    __mathlib_dbl_invalid                    0x0800228f   Thumb Code    12  dunder.o(i.__mathlib_dbl_invalid)
    __mathlib_dbl_underflow                  0x0800229d   Thumb Code    10  dunder.o(i.__mathlib_dbl_underflow)
    asin                                     0x080022ad   Thumb Code   572  asin.o(i.asin)
    atan                                     0x0800251d   Thumb Code   474  atan.o(i.atan)
    atan2                                    0x0800273d   Thumb Code   374  atan2.o(i.atan2)
    blue                                     0x080028d9   Thumb Code    92  menu.o(i.blue)
    lanya_Init                               0x08002995   Thumb Code   166  hc05.o(i.lanya_Init)
    main                                     0x08002a45   Thumb Code    16  main.o(i.main)
    sqrt                                     0x08002a55   Thumb Code    76  sqrt.o(i.sqrt)
    __aeabi_d2f                              0x08002aa1   Thumb Code     0  d2f.o(x$fpl$d2f)
    _d2f                                     0x08002aa1   Thumb Code    98  d2f.o(x$fpl$d2f)
    __aeabi_dadd                             0x08002b05   Thumb Code     0  daddsub_clz.o(x$fpl$dadd)
    _dadd                                    0x08002b05   Thumb Code   332  daddsub_clz.o(x$fpl$dadd)
    __fpl_dcheck_NaN1                        0x08002c55   Thumb Code    10  dcheck1.o(x$fpl$dcheck1)
    __fpl_dcmp_Inf                           0x08002c65   Thumb Code    24  dcmpi.o(x$fpl$dcmpinf)
    __aeabi_ddiv                             0x08002c7d   Thumb Code     0  ddiv.o(x$fpl$ddiv)
    _ddiv                                    0x08002c7d   Thumb Code   552  ddiv.o(x$fpl$ddiv)
    __aeabi_cdcmpeq                          0x08002f2d   Thumb Code     0  deqf.o(x$fpl$deqf)
    _dcmpeq                                  0x08002f2d   Thumb Code   120  deqf.o(x$fpl$deqf)
    __aeabi_dmul                             0x08002fa5   Thumb Code     0  dmul.o(x$fpl$dmul)
    _dmul                                    0x08002fa5   Thumb Code   332  dmul.o(x$fpl$dmul)
    __fpl_dnaninf                            0x080030f9   Thumb Code   156  dnaninf.o(x$fpl$dnaninf)
    __fpl_dretinf                            0x08003195   Thumb Code    12  dretinf.o(x$fpl$dretinf)
    __aeabi_drsub                            0x080031a1   Thumb Code     0  daddsub_clz.o(x$fpl$drsb)
    _drsb                                    0x080031a1   Thumb Code    22  daddsub_clz.o(x$fpl$drsb)
    _dsqrt                                   0x080031b9   Thumb Code   456  dsqrt_noumaal.o(x$fpl$dsqrt)
    __aeabi_dsub                             0x08003385   Thumb Code     0  daddsub_clz.o(x$fpl$dsub)
    _dsub                                    0x08003385   Thumb Code   464  daddsub_clz.o(x$fpl$dsub)
    __aeabi_f2d                              0x08003559   Thumb Code     0  f2d.o(x$fpl$f2d)
    _f2d                                     0x08003559   Thumb Code    86  f2d.o(x$fpl$f2d)
    __aeabi_fadd                             0x080035b1   Thumb Code     0  faddsub_clz.o(x$fpl$fadd)
    _fadd                                    0x080035b1   Thumb Code   196  faddsub_clz.o(x$fpl$fadd)
    __aeabi_fdiv                             0x08003675   Thumb Code     0  fdiv.o(x$fpl$fdiv)
    _fdiv                                    0x08003675   Thumb Code   384  fdiv.o(x$fpl$fdiv)
    __aeabi_f2iz                             0x080037f9   Thumb Code     0  ffix.o(x$fpl$ffix)
    _ffix                                    0x080037f9   Thumb Code    54  ffix.o(x$fpl$ffix)
    __aeabi_i2f                              0x08003831   Thumb Code     0  fflt_clz.o(x$fpl$fflt)
    _fflt                                    0x08003831   Thumb Code    48  fflt_clz.o(x$fpl$fflt)
    __aeabi_fmul                             0x08003861   Thumb Code     0  fmul.o(x$fpl$fmul)
    _fmul                                    0x08003861   Thumb Code   258  fmul.o(x$fpl$fmul)
    __fpl_fnaninf                            0x08003963   Thumb Code   140  fnaninf.o(x$fpl$fnaninf)
    __fpl_fretinf                            0x080039ef   Thumb Code    10  fretinf.o(x$fpl$fretinf)
    __aeabi_frsub                            0x080039f9   Thumb Code     0  faddsub_clz.o(x$fpl$frsb)
    _frsb                                    0x080039f9   Thumb Code    20  faddsub_clz.o(x$fpl$frsb)
    __aeabi_fsub                             0x08003a0d   Thumb Code     0  faddsub_clz.o(x$fpl$fsub)
    _fsub                                    0x08003a0d   Thumb Code   234  faddsub_clz.o(x$fpl$fsub)
    __fpl_return_NaN                         0x08003af7   Thumb Code   100  retnan.o(x$fpl$retnan)
    __ARM_scalbn                             0x08003b5b   Thumb Code    92  scalbn.o(x$fpl$scalbn)
    __fpl_cmpreturn                          0x08003bb7   Thumb Code    48  trapv.o(x$fpl$trapveneer)
    OLED_F8x16                               0x08003be6   Data        1520  oled.o(.constdata)
    __I$use$fp                               0x08003be6   Number         0  usenofp.o(x$fpl$usenofp)
    __mathlib_zero                           0x080042c0   Data           8  qnan.o(.constdata)
    Region$$Table$$Base                      0x080042c8   Number         0  anon$$obj.o(Region$$Table)
    Region$$Table$$Limit                     0x080042e8   Number         0  anon$$obj.o(Region$$Table)
    KeyNum                                   0x20000014   Data           4  main.o(.data)
    s                                        0x20000018   Data           4  main.o(.data)
    m                                        0x2000001c   Data           4  main.o(.data)
    h                                        0x20000020   Data           4  main.o(.data)
    i                                        0x20000024   Data           4  menu.o(.data)
    s1                                       0x20000028   Data           4  menu.o(.data)
    m1                                       0x2000002c   Data           4  menu.o(.data)
    h1                                       0x20000030   Data           4  menu.o(.data)
    CRR1                                     0x20000034   Data           4  menu.o(.data)
    Yaw                                      0x20000038   Data           4  menu.o(.data)
    Pitch                                    0x2000003c   Data           4  menu.o(.data)
    Roll                                     0x20000040   Data           4  menu.o(.data)
    ax                                       0x20000044   Data           2  menu.o(.data)
    ay                                       0x20000046   Data           2  menu.o(.data)
    az                                       0x20000048   Data           2  menu.o(.data)
    gx                                       0x2000004a   Data           2  menu.o(.data)
    gy                                       0x2000004c   Data           2  menu.o(.data)
    gz                                       0x2000004e   Data           2  menu.o(.data)
    Key_Num                                  0x20000050   Data           4  menu.o(.data)
    current_operation_index                  0x20000054   Data           4  menu.o(.data)
    func_index                               0x20000058   Data           1  menu.o(.data)
    table                                    0x2000005c   Data         800  menu.o(.data)
    CRR                                      0x2000037c   Data           4  pwm.o(.data)
    res                                      0x20000380   Data           1  hc05.o(.data)
    q0                                       0x20000384   Data           4  mohony.o(.data)
    q1                                       0x20000388   Data           4  mohony.o(.data)
    q2                                       0x2000038c   Data           4  mohony.o(.data)
    q3                                       0x20000390   Data           4  mohony.o(.data)
    exInt                                    0x20000394   Data           4  mohony.o(.data)
    eyInt                                    0x20000398   Data           4  mohony.o(.data)
    ezInt                                    0x2000039c   Data           4  mohony.o(.data)
    __libspace_start                         0x200003a0   Data          96  libspace.o(.bss)
    __temporary_stack_top$libspace           0x20000400   Data           0  libspace.o(.bss)



==============================================================================

Memory Map of the image

  Image Entry point : 0x080000ed

  Load Region LR_IROM1 (Base: 0x08000000, Size: 0x00004688, Max: 0x00010000, ABSOLUTE, COMPRESSED[0x00004388])

    Execution Region ER_IROM1 (Exec base: 0x08000000, Load base: 0x08000000, Size: 0x000042e8, Max: 0x00010000, ABSOLUTE)

    Exec Addr    Load Addr    Size         Type   Attr      Idx    E Section Name        Object

    0x08000000   0x08000000   0x000000ec   Data   RO           19    RESET               startup_stm32f10x_md.o
    0x080000ec   0x080000ec   0x00000008   Code   RO         3955  * !!!main             c_w.l(__main.o)
    0x080000f4   0x080000f4   0x00000034   Code   RO         4247    !!!scatter          c_w.l(__scatter.o)
    0x08000128   0x08000128   0x0000003a   Code   RO         4245    !!dczerorl          c_w.l(__dczerorl.o)
    0x08000162   0x08000162   0x00000002   PAD
    0x08000164   0x08000164   0x0000001c   Code   RO         4249    !!handler_zi        c_w.l(__scatter_zi.o)
    0x08000180   0x08000180   0x00000002   Code   RO         4165    .ARM.Collect$$libinit$$00000000  c_w.l(libinit.o)
    0x08000182   0x08000182   0x00000000   Code   RO         4019    .ARM.Collect$$libinit$$00000002  c_w.l(libinit2.o)
    0x08000182   0x08000182   0x00000000   Code   RO         4021    .ARM.Collect$$libinit$$00000004  c_w.l(libinit2.o)
    0x08000182   0x08000182   0x00000000   Code   RO         4024    .ARM.Collect$$libinit$$0000000A  c_w.l(libinit2.o)
    0x08000182   0x08000182   0x00000000   Code   RO         4026    .ARM.Collect$$libinit$$0000000C  c_w.l(libinit2.o)
    0x08000182   0x08000182   0x00000000   Code   RO         4028    .ARM.Collect$$libinit$$0000000E  c_w.l(libinit2.o)
    0x08000182   0x08000182   0x00000000   Code   RO         4031    .ARM.Collect$$libinit$$00000011  c_w.l(libinit2.o)
    0x08000182   0x08000182   0x00000000   Code   RO         4033    .ARM.Collect$$libinit$$00000013  c_w.l(libinit2.o)
    0x08000182   0x08000182   0x00000000   Code   RO         4035    .ARM.Collect$$libinit$$00000015  c_w.l(libinit2.o)
    0x08000182   0x08000182   0x00000000   Code   RO         4037    .ARM.Collect$$libinit$$00000017  c_w.l(libinit2.o)
    0x08000182   0x08000182   0x00000000   Code   RO         4039    .ARM.Collect$$libinit$$00000019  c_w.l(libinit2.o)
    0x08000182   0x08000182   0x00000000   Code   RO         4041    .ARM.Collect$$libinit$$0000001B  c_w.l(libinit2.o)
    0x08000182   0x08000182   0x00000000   Code   RO         4043    .ARM.Collect$$libinit$$0000001D  c_w.l(libinit2.o)
    0x08000182   0x08000182   0x00000000   Code   RO         4045    .ARM.Collect$$libinit$$0000001F  c_w.l(libinit2.o)
    0x08000182   0x08000182   0x00000000   Code   RO         4047    .ARM.Collect$$libinit$$00000021  c_w.l(libinit2.o)
    0x08000182   0x08000182   0x00000000   Code   RO         4049    .ARM.Collect$$libinit$$00000023  c_w.l(libinit2.o)
    0x08000182   0x08000182   0x00000000   Code   RO         4051    .ARM.Collect$$libinit$$00000025  c_w.l(libinit2.o)
    0x08000182   0x08000182   0x00000000   Code   RO         4055    .ARM.Collect$$libinit$$0000002C  c_w.l(libinit2.o)
    0x08000182   0x08000182   0x00000000   Code   RO         4057    .ARM.Collect$$libinit$$0000002E  c_w.l(libinit2.o)
    0x08000182   0x08000182   0x00000000   Code   RO         4059    .ARM.Collect$$libinit$$00000030  c_w.l(libinit2.o)
    0x08000182   0x08000182   0x00000000   Code   RO         4061    .ARM.Collect$$libinit$$00000032  c_w.l(libinit2.o)
    0x08000182   0x08000182   0x00000002   Code   RO         4062    .ARM.Collect$$libinit$$00000033  c_w.l(libinit2.o)
    0x08000184   0x08000184   0x00000002   Code   RO         4204    .ARM.Collect$$libshutdown$$00000000  c_w.l(libshutdown.o)
    0x08000186   0x08000186   0x00000000   Code   RO         4210    .ARM.Collect$$libshutdown$$00000002  c_w.l(libshutdown2.o)
    0x08000186   0x08000186   0x00000000   Code   RO         4212    .ARM.Collect$$libshutdown$$00000004  c_w.l(libshutdown2.o)
    0x08000186   0x08000186   0x00000000   Code   RO         4214    .ARM.Collect$$libshutdown$$00000006  c_w.l(libshutdown2.o)
    0x08000186   0x08000186   0x00000000   Code   RO         4217    .ARM.Collect$$libshutdown$$00000009  c_w.l(libshutdown2.o)
    0x08000186   0x08000186   0x00000000   Code   RO         4220    .ARM.Collect$$libshutdown$$0000000C  c_w.l(libshutdown2.o)
    0x08000186   0x08000186   0x00000000   Code   RO         4222    .ARM.Collect$$libshutdown$$0000000E  c_w.l(libshutdown2.o)
    0x08000186   0x08000186   0x00000000   Code   RO         4225    .ARM.Collect$$libshutdown$$00000011  c_w.l(libshutdown2.o)
    0x08000186   0x08000186   0x00000002   Code   RO         4226    .ARM.Collect$$libshutdown$$00000012  c_w.l(libshutdown2.o)
    0x08000188   0x08000188   0x00000000   Code   RO         4015    .ARM.Collect$$rtentry$$00000000  c_w.l(__rtentry.o)
    0x08000188   0x08000188   0x00000000   Code   RO         4118    .ARM.Collect$$rtentry$$00000002  c_w.l(__rtentry2.o)
    0x08000188   0x08000188   0x00000006   Code   RO         4130    .ARM.Collect$$rtentry$$00000004  c_w.l(__rtentry4.o)
    0x0800018e   0x0800018e   0x00000000   Code   RO         4120    .ARM.Collect$$rtentry$$00000009  c_w.l(__rtentry2.o)
    0x0800018e   0x0800018e   0x00000004   Code   RO         4121    .ARM.Collect$$rtentry$$0000000A  c_w.l(__rtentry2.o)
    0x08000192   0x08000192   0x00000000   Code   RO         4123    .ARM.Collect$$rtentry$$0000000C  c_w.l(__rtentry2.o)
    0x08000192   0x08000192   0x00000008   Code   RO         4124    .ARM.Collect$$rtentry$$0000000D  c_w.l(__rtentry2.o)
    0x0800019a   0x0800019a   0x00000002   Code   RO         4170    .ARM.Collect$$rtexit$$00000000  c_w.l(rtexit.o)
    0x0800019c   0x0800019c   0x00000000   Code   RO         4184    .ARM.Collect$$rtexit$$00000002  c_w.l(rtexit2.o)
    0x0800019c   0x0800019c   0x00000004   Code   RO         4185    .ARM.Collect$$rtexit$$00000003  c_w.l(rtexit2.o)
    0x080001a0   0x080001a0   0x00000006   Code   RO         4186    .ARM.Collect$$rtexit$$00000004  c_w.l(rtexit2.o)
    0x080001a6   0x080001a6   0x00000002   PAD
    0x080001a8   0x080001a8   0x00000040   Code   RO           20    .text               startup_stm32f10x_md.o
    0x080001e8   0x080001e8   0x00000006   Code   RO         3953    .text               c_w.l(heapauxi.o)
    0x080001ee   0x080001ee   0x00000016   Code   RO         4016    .text               c_w.l(_rserrno.o)
    0x08000204   0x08000204   0x00000008   Code   RO         4135    .text               c_w.l(rt_errno_addr_intlibspace.o)
    0x0800020c   0x0800020c   0x00000008   Code   RO         4149    .text               c_w.l(libspace.o)
    0x08000214   0x08000214   0x0000004a   Code   RO         4152    .text               c_w.l(sys_stackheap_outer.o)
    0x0800025e   0x0800025e   0x00000012   Code   RO         4154    .text               c_w.l(exit.o)
    0x08000270   0x08000270   0x00000002   Code   RO         4180    .text               c_w.l(use_no_semi.o)
    0x08000272   0x08000272   0x00000000   Code   RO         4182    .text               c_w.l(indicate_semi.o)
    0x08000272   0x08000272   0x00000002   PAD
    0x08000274   0x08000274   0x0000000c   Code   RO         4196    .text               c_w.l(sys_exit.o)
    0x08000280   0x08000280   0x00000094   Code   RO         3569    i.Acc               menu.o
    0x08000314   0x08000314   0x00000114   Code   RO         3570    i.Acc_number        menu.o
    0x08000428   0x08000428   0x00000094   Code   RO         3571    i.Angle             menu.o
    0x080004bc   0x080004bc   0x00000148   Code   RO         3572    i.Angle_number      menu.o
    0x08000604   0x08000604   0x00000094   Code   RO         3573    i.BlueTooth         menu.o
    0x08000698   0x08000698   0x00000004   Code   RO         3308    i.BusFault_Handler  stm32f10x_it.o
    0x0800069c   0x0800069c   0x00000002   Code   RO         3309    i.DebugMon_Handler  stm32f10x_it.o
    0x0800069e   0x0800069e   0x00000018   Code   RO         3196    i.Delay_ms          delay.o
    0x080006b6   0x080006b6   0x0000002e   Code   RO         3198    i.Delay_us          delay.o
    0x080006e4   0x080006e4   0x000000c0   Code   RO         3239    i.EXTI15_10_IRQHandler  exti.o
    0x080007a4   0x080007a4   0x0000000c   Code   RO          985    i.EXTI_ClearITPendingBit  stm32f10x_exti.o
    0x080007b0   0x080007b0   0x00000028   Code   RO          989    i.EXTI_GetITStatus  stm32f10x_exti.o
    0x080007d8   0x080007d8   0x00000094   Code   RO          990    i.EXTI_Init         stm32f10x_exti.o
    0x0800086c   0x0800086c   0x0000007c   Code   RO         3240    i.Exti_Init         exti.o
    0x080008e8   0x080008e8   0x00000040   Code   RO         1344    i.GPIO_EXTILineConfig  stm32f10x_gpio.o
    0x08000928   0x08000928   0x00000116   Code   RO         1347    i.GPIO_Init         stm32f10x_gpio.o
    0x08000a3e   0x08000a3e   0x00000012   Code   RO         1351    i.GPIO_ReadInputDataBit  stm32f10x_gpio.o
    0x08000a50   0x08000a50   0x00000012   Code   RO         1353    i.GPIO_ReadOutputDataBit  stm32f10x_gpio.o
    0x08000a62   0x08000a62   0x00000004   Code   RO         1354    i.GPIO_ResetBits    stm32f10x_gpio.o
    0x08000a66   0x08000a66   0x00000004   Code   RO         1355    i.GPIO_SetBits      stm32f10x_gpio.o
    0x08000a6a   0x08000a6a   0x0000000a   Code   RO         1358    i.GPIO_WriteBit     stm32f10x_gpio.o
    0x08000a74   0x08000a74   0x00000004   Code   RO         3310    i.HardFault_Handler  stm32f10x_it.o
    0x08000a78   0x08000a78   0x000005c0   Code   RO         3786    i.Imu_Update        mohony.o
    0x08001038   0x08001038   0x000000b8   Code   RO         3373    i.Key_getnum        key_1.o
    0x080010f0   0x080010f0   0x00000048   Code   RO         3574    i.LED               menu.o
    0x08001138   0x08001138   0x00000024   Code   RO         3397    i.LED1_Turn         led_1.o
    0x0800115c   0x0800115c   0x00000024   Code   RO         3400    i.LED2_Turn         led_1.o
    0x08001180   0x08001180   0x00000020   Code   RO         3575    i.Love              menu.o
    0x080011a0   0x080011a0   0x00000094   Code   RO         3576    i.MPU               menu.o
    0x08001234   0x08001234   0x00000038   Code   RO         3723    i.MPU6050_Init      mpu6050.o
    0x0800126c   0x0800126c   0x0000009c   Code   RO         3724    i.MPU6050_ReadData  mpu6050.o
    0x08001308   0x08001308   0x0000003e   Code   RO         3726    i.MPU6050_ReadReg   mpu6050.o
    0x08001346   0x08001346   0x0000002e   Code   RO         3727    i.MPU6050_WriteReg  mpu6050.o
    0x08001374   0x08001374   0x00000004   Code   RO         3311    i.MemManage_Handler  stm32f10x_it.o
    0x08001378   0x08001378   0x00000038   Code   RO         3817    i.MyI2C_Init        myi2c.o
    0x080013b0   0x080013b0   0x0000001c   Code   RO         3818    i.MyI2C_R_SDA       myi2c.o
    0x080013cc   0x080013cc   0x0000001e   Code   RO         3819    i.MyI2C_ReceiveAck  myi2c.o
    0x080013ea   0x080013ea   0x00000032   Code   RO         3820    i.MyI2C_ReceiveByte  myi2c.o
    0x0800141c   0x0800141c   0x00000018   Code   RO         3821    i.MyI2C_SendAck     myi2c.o
    0x08001434   0x08001434   0x0000002a   Code   RO         3822    i.MyI2C_SendByte    myi2c.o
    0x0800145e   0x0800145e   0x0000001c   Code   RO         3823    i.MyI2C_Start       myi2c.o
    0x0800147a   0x0800147a   0x00000016   Code   RO         3824    i.MyI2C_Stop        myi2c.o
    0x08001490   0x08001490   0x0000001c   Code   RO         3825    i.MyI2C_W_SCL       myi2c.o
    0x080014ac   0x080014ac   0x0000001c   Code   RO         3826    i.MyI2C_W_SDA       myi2c.o
    0x080014c8   0x080014c8   0x00000002   Code   RO         3312    i.NMI_Handler       stm32f10x_it.o
    0x080014ca   0x080014ca   0x00000002   PAD
    0x080014cc   0x080014cc   0x00000070   Code   RO          137    i.NVIC_Init         misc.o
    0x0800153c   0x0800153c   0x00000014   Code   RO          138    i.NVIC_PriorityGroupConfig  misc.o
    0x08001550   0x08001550   0x00000054   Code   RO         3463    i.OLED_I2C_SendByte  oled.o
    0x080015a4   0x080015a4   0x00000034   Code   RO         3464    i.OLED_I2C_Start    oled.o
    0x080015d8   0x080015d8   0x00000028   Code   RO         3465    i.OLED_I2C_Stop     oled.o
    0x08001600   0x08001600   0x00000014   Code   RO         3467    i.OLED_Pow          oled.o
    0x08001614   0x08001614   0x00000022   Code   RO         3468    i.OLED_SetCursor    oled.o
    0x08001636   0x08001636   0x00000002   PAD
    0x08001638   0x08001638   0x00000074   Code   RO         3470    i.OLED_ShowChar     oled.o
    0x080016ac   0x080016ac   0x00000044   Code   RO         3472    i.OLED_ShowNum      oled.o
    0x080016f0   0x080016f0   0x00000066   Code   RO         3473    i.OLED_ShowSignedNum  oled.o
    0x08001756   0x08001756   0x00000028   Code   RO         3474    i.OLED_ShowString   oled.o
    0x0800177e   0x0800177e   0x00000020   Code   RO         3475    i.OLED_WriteCommand  oled.o
    0x0800179e   0x0800179e   0x00000020   Code   RO         3476    i.OLED_WriteData    oled.o
    0x080017be   0x080017be   0x00000002   PAD
    0x080017c0   0x080017c0   0x00000014   Code   RO         3703    i.PWM_SetCompare1   pwm.o
    0x080017d4   0x080017d4   0x00000002   Code   RO         3313    i.PendSV_Handler    stm32f10x_it.o
    0x080017d6   0x080017d6   0x00000002   PAD
    0x080017d8   0x080017d8   0x00000108   Code   RO         3787    i.Prepare_Data      mohony.o
    0x080018e0   0x080018e0   0x00000020   Code   RO         1775    i.RCC_APB1PeriphClockCmd  stm32f10x_rcc.o
    0x08001900   0x08001900   0x00000020   Code   RO         1777    i.RCC_APB2PeriphClockCmd  stm32f10x_rcc.o
    0x08001920   0x08001920   0x000000d4   Code   RO         1785    i.RCC_GetClocksFreq  stm32f10x_rcc.o
    0x080019f4   0x080019f4   0x00000002   Code   RO         3314    i.SVC_Handler       stm32f10x_it.o
    0x080019f6   0x080019f6   0x00000008   Code   RO           24    i.SetSysClock       system_stm32f10x.o
    0x080019fe   0x080019fe   0x00000002   PAD
    0x08001a00   0x08001a00   0x000000e0   Code   RO           25    i.SetSysClockTo72   system_stm32f10x.o
    0x08001ae0   0x08001ae0   0x000000a8   Code   RO         3578    i.Setting           menu.o
    0x08001b88   0x08001b88   0x00000064   Code   RO         3579    i.Start             menu.o
    0x08001bec   0x08001bec   0x000000a0   Code   RO         3580    i.Surprise          menu.o
    0x08001c8c   0x08001c8c   0x00000002   Code   RO         3315    i.SysTick_Handler   stm32f10x_it.o
    0x08001c8e   0x08001c8e   0x00000002   PAD
    0x08001c90   0x08001c90   0x00000060   Code   RO           27    i.SystemInit        system_stm32f10x.o
    0x08001cf0   0x08001cf0   0x00000060   Code   RO         3220    i.TIM2_IRQHandler   timer.o
    0x08001d50   0x08001d50   0x00000006   Code   RO         2416    i.TIM_ClearITPendingBit  stm32f10x_tim.o
    0x08001d56   0x08001d56   0x00000018   Code   RO         2421    i.TIM_Cmd           stm32f10x_tim.o
    0x08001d6e   0x08001d6e   0x00000022   Code   RO         2442    i.TIM_GetITStatus   stm32f10x_tim.o
    0x08001d90   0x08001d90   0x00000004   Code   RO         2482    i.TIM_SetCompare1   stm32f10x_tim.o
    0x08001d94   0x08001d94   0x000000c0   Code   RO         3581    i.Time              menu.o
    0x08001e54   0x08001e54   0x00000080   Code   RO         3582    i.Time_change_h     menu.o
    0x08001ed4   0x08001ed4   0x00000080   Code   RO         3583    i.Time_change_m     menu.o
    0x08001f54   0x08001f54   0x0000008c   Code   RO         3584    i.Time_change_s     menu.o
    0x08001fe0   0x08001fe0   0x0000002c   Code   RO         3765    i.USART2_IRQHandler  hc05.o
    0x0800200c   0x0800200c   0x00000018   Code   RO         2960    i.USART_Cmd         stm32f10x_usart.o
    0x08002024   0x08002024   0x00000054   Code   RO         2964    i.USART_GetITStatus  stm32f10x_usart.o
    0x08002078   0x08002078   0x0000004a   Code   RO         2966    i.USART_ITConfig    stm32f10x_usart.o
    0x080020c2   0x080020c2   0x00000002   PAD
    0x080020c4   0x080020c4   0x000000d8   Code   RO         2967    i.USART_Init        stm32f10x_usart.o
    0x0800219c   0x0800219c   0x0000000a   Code   RO         2974    i.USART_ReceiveData  stm32f10x_usart.o
    0x080021a6   0x080021a6   0x00000008   Code   RO         2977    i.USART_SendData    stm32f10x_usart.o
    0x080021ae   0x080021ae   0x00000004   Code   RO         3316    i.UsageFault_Handler  stm32f10x_it.o
    0x080021b2   0x080021b2   0x00000028   Code   RO         4104    i.__ARM_fpclassify  m_ws.l(fpclassify.o)
    0x080021da   0x080021da   0x000000aa   Code   RO         4106    i.__kernel_poly     m_ws.l(poly.o)
    0x08002284   0x08002284   0x00000006   Code   RO         4091    i.__mathlib_dbl_infnan  m_ws.l(dunder.o)
    0x0800228a   0x0800228a   0x00000004   Code   RO         4092    i.__mathlib_dbl_infnan2  m_ws.l(dunder.o)
    0x0800228e   0x0800228e   0x0000000c   Code   RO         4093    i.__mathlib_dbl_invalid  m_ws.l(dunder.o)
    0x0800229a   0x0800229a   0x00000002   PAD
    0x0800229c   0x0800229c   0x00000010   Code   RO         4096    i.__mathlib_dbl_underflow  m_ws.l(dunder.o)
    0x080022ac   0x080022ac   0x00000270   Code   RO         3998    i.asin              m_ws.l(asin.o)
    0x0800251c   0x0800251c   0x00000220   Code   RO         4081    i.atan              m_ws.l(atan.o)
    0x0800273c   0x0800273c   0x0000019c   Code   RO         4008    i.atan2             m_ws.l(atan2.o)
    0x080028d8   0x080028d8   0x00000070   Code   RO         3585    i.blue              menu.o
    0x08002948   0x08002948   0x0000004c   Code   RO         3788    i.invSqrt           mohony.o
    0x08002994   0x08002994   0x000000b0   Code   RO         3766    i.lanya_Init        hc05.o
    0x08002a44   0x08002a44   0x00000010   Code   RO         3268    i.main              main.o
    0x08002a54   0x08002a54   0x0000004c   Code   RO         4110    i.sqrt              m_ws.l(sqrt.o)
    0x08002aa0   0x08002aa0   0x00000062   Code   RO         3957    x$fpl$d2f           fz_ws.l(d2f.o)
    0x08002b02   0x08002b02   0x00000002   PAD
    0x08002b04   0x08002b04   0x00000150   Code   RO         3959    x$fpl$dadd          fz_ws.l(daddsub_clz.o)
    0x08002c54   0x08002c54   0x00000010   Code   RO         4139    x$fpl$dcheck1       fz_ws.l(dcheck1.o)
    0x08002c64   0x08002c64   0x00000018   Code   RO         4141    x$fpl$dcmpinf       fz_ws.l(dcmpi.o)
    0x08002c7c   0x08002c7c   0x000002b0   Code   RO         4064    x$fpl$ddiv          fz_ws.l(ddiv.o)
    0x08002f2c   0x08002f2c   0x00000078   Code   RO         4067    x$fpl$deqf          fz_ws.l(deqf.o)
    0x08002fa4   0x08002fa4   0x00000154   Code   RO         3971    x$fpl$dmul          fz_ws.l(dmul.o)
    0x080030f8   0x080030f8   0x0000009c   Code   RO         4069    x$fpl$dnaninf       fz_ws.l(dnaninf.o)
    0x08003194   0x08003194   0x0000000c   Code   RO         4071    x$fpl$dretinf       fz_ws.l(dretinf.o)
    0x080031a0   0x080031a0   0x00000016   Code   RO         3960    x$fpl$drsb          fz_ws.l(daddsub_clz.o)
    0x080031b6   0x080031b6   0x00000002   PAD
    0x080031b8   0x080031b8   0x000001cc   Code   RO         4145    x$fpl$dsqrt         fz_ws.l(dsqrt_noumaal.o)
    0x08003384   0x08003384   0x000001d4   Code   RO         3961    x$fpl$dsub          fz_ws.l(daddsub_clz.o)
    0x08003558   0x08003558   0x00000056   Code   RO         3973    x$fpl$f2d           fz_ws.l(f2d.o)
    0x080035ae   0x080035ae   0x00000002   PAD
    0x080035b0   0x080035b0   0x000000c4   Code   RO         3975    x$fpl$fadd          fz_ws.l(faddsub_clz.o)
    0x08003674   0x08003674   0x00000184   Code   RO         3982    x$fpl$fdiv          fz_ws.l(fdiv.o)
    0x080037f8   0x080037f8   0x00000036   Code   RO         3985    x$fpl$ffix          fz_ws.l(ffix.o)
    0x0800382e   0x0800382e   0x00000002   PAD
    0x08003830   0x08003830   0x00000030   Code   RO         3990    x$fpl$fflt          fz_ws.l(fflt_clz.o)
    0x08003860   0x08003860   0x00000102   Code   RO         3995    x$fpl$fmul          fz_ws.l(fmul.o)
    0x08003962   0x08003962   0x0000008c   Code   RO         4073    x$fpl$fnaninf       fz_ws.l(fnaninf.o)
    0x080039ee   0x080039ee   0x0000000a   Code   RO         4075    x$fpl$fretinf       fz_ws.l(fretinf.o)
    0x080039f8   0x080039f8   0x00000014   Code   RO         3976    x$fpl$frsb          fz_ws.l(faddsub_clz.o)
    0x08003a0c   0x08003a0c   0x000000ea   Code   RO         3977    x$fpl$fsub          fz_ws.l(faddsub_clz.o)
    0x08003af6   0x08003af6   0x00000064   Code   RO         4166    x$fpl$retnan        fz_ws.l(retnan.o)
    0x08003b5a   0x08003b5a   0x0000005c   Code   RO         4077    x$fpl$scalbn        fz_ws.l(scalbn.o)
    0x08003bb6   0x08003bb6   0x00000030   Code   RO         4178    x$fpl$trapveneer    fz_ws.l(trapv.o)
    0x08003be6   0x08003be6   0x00000000   Code   RO         4079    x$fpl$usenofp       fz_ws.l(usenofp.o)
    0x08003be6   0x08003be6   0x000005f0   Data   RO         3477    .constdata          oled.o
    0x080041d6   0x080041d6   0x00000002   PAD
    0x080041d8   0x080041d8   0x00000050   Data   RO         3999    .constdata          m_ws.l(asin.o)
    0x08004228   0x08004228   0x00000098   Data   RO         4082    .constdata          m_ws.l(atan.o)
    0x080042c0   0x080042c0   0x00000008   Data   RO         4108    .constdata          m_ws.l(qnan.o)
    0x080042c8   0x080042c8   0x00000020   Data   RO         4243    Region$$Table       anon$$obj.o


    Execution Region RW_IRAM1 (Exec base: 0x20000000, Load base: 0x080042e8, Size: 0x00000a00, Max: 0x00005000, ABSOLUTE, COMPRESSED[0x000000a0])

    Exec Addr    Load Addr    Size         Type   Attr      Idx    E Section Name        Object

    0x20000000   COMPRESSED   0x00000014   Data   RW         1805    .data               stm32f10x_rcc.o
    0x20000014   COMPRESSED   0x00000010   Data   RW         3269    .data               main.o
    0x20000024   COMPRESSED   0x00000358   Data   RW         3586    .data               menu.o
    0x2000037c   COMPRESSED   0x00000004   Data   RW         3704    .data               pwm.o
    0x20000380   COMPRESSED   0x00000001   Data   RW         3767    .data               hc05.o
    0x20000381   COMPRESSED   0x00000003   PAD
    0x20000384   COMPRESSED   0x0000001c   Data   RW         3789    .data               mohony.o
    0x200003a0        -       0x00000060   Zero   RW         4150    .bss                c_w.l(libspace.o)
    0x20000400        -       0x00000200   Zero   RW           18    HEAP                startup_stm32f10x_md.o
    0x20000600        -       0x00000400   Zero   RW           17    STACK               startup_stm32f10x_md.o


==============================================================================

Image component sizes


      Code (inc. data)   RO Data    RW Data    ZI Data      Debug   Object Name

         0          0          0          0          0       4556   core_cm3.o
        70          0          0          0          0        914   delay.o
       316         36          0          0          0       1107   exti.o
       220         20          0          1          0       1263   hc05.o
       184          8          0          0          0        565   key_1.o
        72          8          0          0          0        848   led_1.o
        16          0          0         16          0        686   main.o
      2428        644          0        856          0       8612   menu.o
       132         22          0          0          0     206879   misc.o
      1812        118          0         28          0       2460   mohony.o
       320          0          0          0          0       2659   mpu6050.o
       336         18          0          0          0       4810   myi2c.o
       620         18       1520          0          0       6633   oled.o
        20          6          0          4          0        688   pwm.o
        64         26        236          0       1536        780   startup_stm32f10x_md.o
         0          0          0          0          0       1652   stm32f10x_adc.o
       200         18          0          0          0       4076   stm32f10x_exti.o
       396          4          0          0          0      13467   stm32f10x_gpio.o
        26          0          0          0          0       3702   stm32f10x_it.o
       276         32          0         20          0      12950   stm32f10x_rcc.o
        68          0          0          0          0      22922   stm32f10x_tim.o
       416          6          0          0          0      11239   stm32f10x_usart.o
       328         28          0          0          0      24861   system_stm32f10x.o
        96         12          0          0          0        470   timer.o

    ----------------------------------------------------------------------
      8430       1024       1790        928       1536     338799   Object Totals
         0          0         32          0          0          0   (incl. Generated)
        14          0          2          3          0          0   (incl. Padding)

    ----------------------------------------------------------------------

      Code (inc. data)   RO Data    RW Data    ZI Data      Debug   Library Member Name

        58          0          0          0          0          0   __dczerorl.o
         8          0          0          0          0         68   __main.o
         0          0          0          0          0          0   __rtentry.o
        12          0          0          0          0          0   __rtentry2.o
         6          0          0          0          0          0   __rtentry4.o
        52          8          0          0          0          0   __scatter.o
        28          0          0          0          0          0   __scatter_zi.o
        22          0          0          0          0        100   _rserrno.o
        18          0          0          0          0         80   exit.o
         6          0          0          0          0        152   heapauxi.o
         0          0          0          0          0          0   indicate_semi.o
         2          0          0          0          0          0   libinit.o
         2          0          0          0          0          0   libinit2.o
         2          0          0          0          0          0   libshutdown.o
         2          0          0          0          0          0   libshutdown2.o
         8          4          0          0         96         68   libspace.o
         8          4          0          0          0         68   rt_errno_addr_intlibspace.o
         2          0          0          0          0          0   rtexit.o
        10          0          0          0          0          0   rtexit2.o
        12          4          0          0          0         68   sys_exit.o
        74          0          0          0          0         80   sys_stackheap_outer.o
         2          0          0          0          0         68   use_no_semi.o
        98          4          0          0          0         92   d2f.o
       826         16          0          0          0        348   daddsub_clz.o
        16          4          0          0          0         68   dcheck1.o
        24          0          0          0          0         68   dcmpi.o
       688        140          0          0          0        208   ddiv.o
       120          4          0          0          0         92   deqf.o
       340         12          0          0          0        104   dmul.o
       156          4          0          0          0         92   dnaninf.o
        12          0          0          0          0         68   dretinf.o
       460         56          0          0          0        120   dsqrt_noumaal.o
        86          4          0          0          0         84   f2d.o
       450          8          0          0          0        236   faddsub_clz.o
       388         76          0          0          0         96   fdiv.o
        54          4          0          0          0         84   ffix.o
        48          0          0          0          0         68   fflt_clz.o
       258          4          0          0          0         84   fmul.o
       140          4          0          0          0         84   fnaninf.o
        10          0          0          0          0         68   fretinf.o
       100          0          0          0          0         68   retnan.o
        92          0          0          0          0         68   scalbn.o
        48          0          0          0          0         68   trapv.o
         0          0          0          0          0          0   usenofp.o
       624         52         80          0          0        168   asin.o
       544         70        152          0          0        124   atan.o
       412         38          0          0          0        144   atan2.o
        38          6          0          0          0        272   dunder.o
        40          0          0          0          0         68   fpclassify.o
       170          0          0          0          0         96   poly.o
         0          0          8          0          0          0   qnan.o
        76          0          0          0          0         84   sqrt.o

    ----------------------------------------------------------------------
      6668        526        240          0         96       3976   Library Totals
        16          0          0          0          0          0   (incl. Padding)

    ----------------------------------------------------------------------

      Code (inc. data)   RO Data    RW Data    ZI Data      Debug   Library Name

       334         20          0          0         96        752   c_w.l
      4414        340          0          0          0       2268   fz_ws.l
      1904        166        240          0          0        956   m_ws.l

    ----------------------------------------------------------------------
      6668        526        240          0         96       3976   Library Totals

    ----------------------------------------------------------------------

==============================================================================


      Code (inc. data)   RO Data    RW Data    ZI Data      Debug   

     15098       1550       2030        928       1632     336063   Grand Totals
     15098       1550       2030        160       1632     336063   ELF Image Totals (compressed)
     15098       1550       2030        160          0          0   ROM Totals

==============================================================================

    Total RO  Size (Code + RO Data)                17128 (  16.73kB)
    Total RW  Size (RW Data + ZI Data)              2560 (   2.50kB)
    Total ROM Size (Code + RO Data + RW Data)      17288 (  16.88kB)

==============================================================================

